ASxxxx Linker V03.00 + NoICE + sdld,  page 1.
Hexadecimal  [32-Bits]

Area                                    Addr        Size        Decimal Bytes (Attributes)
--------------------------------        ----        ----        ------- ----- ------------
CABS                                00000000    00000000 =           0. bytes (ABS,CON,CODE)

      Value  Global                              Global Defined In Module
      -----  --------------------------------   ------------------------
C:   00000000  l_BIT_BANK                      
C:   00000000  l_CABS                          
C:   00000000  l_GSINIT1                       
C:   00000000  l_GSINIT5                       
C:   00000000  l_IABS                          
C:   00000000  l_PSEG                          
C:   00000000  l_REG_BANK_1                    
C:   00000000  l_REG_BANK_2                    
C:   00000000  l_REG_BANK_3                    
C:   00000000  l_RSEG                          
C:   00000000  l_RSEG0                         
C:   00000000  l_RSEG1                         
C:   00000000  l_XABS                          
C:   00000000  l_XINIT                         
C:   00000000  l_XISEG                         
C:   00000000  l_XSEG                          
C:   00000000  l__CODE                         
C:   00000000  s_BSEG                          
C:   00000000  s_CABS                          
C:   00000000  s_DSEG                          
C:   00000000  s_HOME                          
C:   00000000  s_IABS                          
C:   00000000  s_REG_BANK_0                    
C:   00000000  s_RSEG                          
C:   00000000  s_RSEG0                         
C:   00000000  s_RSEG1                         
C:   00000000  s_XABS                          
C:   00000001  s_PSEG                          
C:   00000001  s_XISEG                         
C:   00000001  s_XSEG                          
C:   00000002  l_BSEG_BYTES                    
C:   00000003  l_GSFINAL                       
C:   00000003  l_GSINIT0                       
C:   00000006  l_HOME                          
C:   00000006  l_ISEG                          
C:   00000006  l_OSEG                          
C:   00000006  s_GSINIT0                       
C:   00000008  l_REG_BANK_0                    
C:   00000008  s_REG_BANK_1                    
C:   00000009  s_GSINIT1                       
C:   00000009  s_GSINIT2                       
C:   0000000A  l_BSEG                          
C:   0000000A  l_GSINIT2                       
C:   0000000A  s_OSEG                          
C:   00000010  s_ISEG                          
C:   00000010  s_REG_BANK_2                    
C:   00000013  s_GSINIT3                       
C:   00000018  s_BIT_BANK                      
C:   00000018  s_REG_BANK_3                    
C:   00000020  s_BSEG_BYTES                    
ASxxxx Linker V03.00 + NoICE + sdld,  page 2.
Hexadecimal  [32-Bits]

Area                                    Addr        Size        Decimal Bytes (Attributes)
--------------------------------        ----        ----        ------- ----- ------------
CABS                                00000000    00000000 =           0. bytes (ABS,CON,CODE)

      Value  Global                              Global Defined In Module
      -----  --------------------------------   ------------------------
C:   00000020  s__CODE                         
C:   00000021  l_GSINIT                        
C:   00000022  l_GSINIT3                       
C:   0000002A  l_GSINIT4                       
C:   00000035  s_GSINIT4                       
C:   0000005B  s_SSEG                          
C:   0000005F  s_GSINIT                        
C:   0000005F  s_GSINIT5                       
C:   00000075  l_CONST                         
C:   00000076  l_DSEG                          
C:   00000080  s_GSFINAL                       
C:   00000083  s_CSEG                          
C:   000000A5  l_SSEG                          
C:   00000100  l_IRAM                          
C:   00000ADA  l_CSEG                          
C:   00000B5D  s_CONST                         
C:   00000BD2  s_XINIT                         

ASxxxx Linker V03.00 + NoICE + sdld,  page 3.
Hexadecimal  [32-Bits]

Area                                    Addr        Size        Decimal Bytes (Attributes)
--------------------------------        ----        ----        ------- ----- ------------
.  .ABS.                            00000000    00000000 =           0. bytes (ABS,CON)

      Value  Global                              Global Defined In Module
      -----  --------------------------------   ------------------------
     00000000  .__.ABS.                           _bp
     00000080  G$P0$0$0                           pong
     00000080  G$P0_0$0$0                         pong
     00000080  _P0                                pong
     00000080  _P0_0                              pong
     00000081  G$P0_1$0$0                         pong
     00000081  G$SP$0$0                           pong
     00000081  _P0_1                              pong
     00000081  _SP                                pong
     00000082  G$DPL$0$0                          pong
     00000082  G$P0_2$0$0                         pong
     00000082  _DPL                               pong
     00000082  _P0_2                              pong
     00000083  G$DPH$0$0                          pong
     00000083  G$P0_3$0$0                         pong
     00000083  _DPH                               pong
     00000083  _P0_3                              pong
     00000084  G$P0_4$0$0                         pong
     00000084  G$SFRPAGE$0$0                      pong
     00000084  _P0_4                              pong
     00000084  _SFRPAGE                           pong
     00000085  G$P0_5$0$0                         pong
     00000085  G$SFRNEXT$0$0                      pong
     00000085  _P0_5                              pong
     00000085  _SFRNEXT                           pong
     00000086  G$P0_6$0$0                         pong
     00000086  G$SFRLAST$0$0                      pong
     00000086  _P0_6                              pong
     00000086  _SFRLAST                           pong
     00000087  G$P0_7$0$0                         pong
     00000087  G$PCON$0$0                         pong
     00000087  _P0_7                              pong
     00000087  _PCON                              pong
     00000088  G$CP0HYN0$0$0                      pong
     00000088  G$CP1HYN0$0$0                      pong
     00000088  G$CPT0CN$0$0                       pong
     00000088  G$CPT1CN$0$0                       pong
     00000088  G$FLHBUSY$0$0                      pong
     00000088  G$FLSTAT$0$0                       pong
     00000088  G$IT0$0$0                          pong
     00000088  G$TCON$0$0                         pong
     00000088  _CP0HYN0                           pong
     00000088  _CP1HYN0                           pong
     00000088  _CPT0CN                            pong
     00000088  _CPT1CN                            pong
     00000088  _FLHBUSY                           pong
     00000088  _FLSTAT                            pong
     00000088  _IT0                               pong
     00000088  _TCON                              pong
     00000089  G$CP0HYN1$0$0                      pong
ASxxxx Linker V03.00 + NoICE + sdld,  page 4.
Hexadecimal  [32-Bits]

Area                                    Addr        Size        Decimal Bytes (Attributes)
--------------------------------        ----        ----        ------- ----- ------------
.  .ABS.                            00000000    00000000 =           0. bytes (ABS,CON)

      Value  Global                              Global Defined In Module
      -----  --------------------------------   ------------------------
     00000089  G$CP1HYN1$0$0                      pong
     00000089  G$CPT0MD$0$0                       pong
     00000089  G$CPT1MD$0$0                       pong
     00000089  G$IE0$0$0                          pong
     00000089  G$PLL0CN$0$0                       pong
     00000089  G$TMOD$0$0                         pong
     00000089  _CP0HYN1                           pong
     00000089  _CP1HYN1                           pong
     00000089  _CPT0MD                            pong
     00000089  _CPT1MD                            pong
     00000089  _IE0                               pong
     00000089  _PLL0CN                            pong
     00000089  _TMOD                              pong
     0000008A  G$CP0HYP0$0$0                      pong
     0000008A  G$CP1HYP0$0$0                      pong
     0000008A  G$IT1$0$0                          pong
     0000008A  G$OSCICN$0$0                       pong
     0000008A  G$TL0$0$0                          pong
     0000008A  _CP0HYP0                           pong
     0000008A  _CP1HYP0                           pong
     0000008A  _IT1                               pong
     0000008A  _OSCICN                            pong
     0000008A  _TL0                               pong
     0000008B  G$CP0HYP1$0$0                      pong
     0000008B  G$CP1HYP1$0$0                      pong
     0000008B  G$IE1$0$0                          pong
     0000008B  G$OSCICL$0$0                       pong
     0000008B  G$TL1$0$0                          pong
     0000008B  _CP0HYP1                           pong
     0000008B  _CP1HYP1                           pong
     0000008B  _IE1                               pong
     0000008B  _OSCICL                            pong
     0000008B  _TL1                               pong
     0000008C  G$CP0FIF$0$0                       pong
     0000008C  G$CP1FIF$0$0                       pong
     0000008C  G$OSCXCN$0$0                       pong
     0000008C  G$TH0$0$0                          pong
     0000008C  G$TR0$0$0                          pong
     0000008C  _CP0FIF                            pong
     0000008C  _CP1FIF                            pong
     0000008C  _OSCXCN                            pong
     0000008C  _TH0                               pong
     0000008C  _TR0                               pong
     0000008D  G$CP0RIF$0$0                       pong
     0000008D  G$CP1RIF$0$0                       pong
     0000008D  G$PLL0DIV$0$0                      pong
     0000008D  G$TF0$0$0                          pong
     0000008D  G$TH1$0$0                          pong
     0000008D  _CP0RIF                            pong
     0000008D  _CP1RIF                            pong
     0000008D  _PLL0DIV                           pong
ASxxxx Linker V03.00 + NoICE + sdld,  page 5.
Hexadecimal  [32-Bits]

Area                                    Addr        Size        Decimal Bytes (Attributes)
--------------------------------        ----        ----        ------- ----- ------------
.  .ABS.                            00000000    00000000 =           0. bytes (ABS,CON)

      Value  Global                              Global Defined In Module
      -----  --------------------------------   ------------------------
     0000008D  _TF0                               pong
     0000008D  _TH1                               pong
     0000008E  G$CKCON$0$0                        pong
     0000008E  G$CP0OUT$0$0                       pong
     0000008E  G$CP1OUT$0$0                       pong
     0000008E  G$PLL0MUL$0$0                      pong
     0000008E  G$TR1$0$0                          pong
     0000008E  _CKCON                             pong
     0000008E  _CP0OUT                            pong
     0000008E  _CP1OUT                            pong
     0000008E  _PLL0MUL                           pong
     0000008E  _TR1                               pong
     0000008F  G$CP0EN$0$0                        pong
     0000008F  G$CP1EN$0$0                        pong
     0000008F  G$PLL0FLT$0$0                      pong
     0000008F  G$PSCTL$0$0                        pong
     0000008F  G$TF1$0$0                          pong
     0000008F  _CP0EN                             pong
     0000008F  _CP1EN                             pong
     0000008F  _PLL0FLT                           pong
     0000008F  _PSCTL                             pong
     0000008F  _TF1                               pong
     00000090  G$P1$0$0                           pong
     00000090  G$P1_0$0$0                         pong
     00000090  _P1                                pong
     00000090  _P1_0                              pong
     00000091  G$MAC0BL$0$0                       pong
     00000091  G$P1_1$0$0                         pong
     00000091  G$SSTA0$0$0                        pong
     00000091  _MAC0BL                            pong
     00000091  _P1_1                              pong
     00000091  _SSTA0                             pong
     00000092  G$MAC0BH$0$0                       pong
     00000092  G$P1_2$0$0                         pong
     00000092  _MAC0BH                            pong
     00000092  _P1_2                              pong
     00000093  G$MAC0ACC0$0$0                     pong
     00000093  G$P1_3$0$0                         pong
     00000093  _MAC0ACC0                          pong
     00000093  _P1_3                              pong
     00000094  G$MAC0ACC1$0$0                     pong
     00000094  G$P1_4$0$0                         pong
     00000094  _MAC0ACC1                          pong
     00000094  _P1_4                              pong
     00000095  G$MAC0ACC2$0$0                     pong
     00000095  G$P1_5$0$0                         pong
     00000095  _MAC0ACC2                          pong
     00000095  _P1_5                              pong
     00000096  G$MAC0ACC3$0$0                     pong
     00000096  G$P1_6$0$0                         pong
     00000096  G$SFRPGCN$0$0                      pong
ASxxxx Linker V03.00 + NoICE + sdld,  page 6.
Hexadecimal  [32-Bits]

Area                                    Addr        Size        Decimal Bytes (Attributes)
--------------------------------        ----        ----        ------- ----- ------------
.  .ABS.                            00000000    00000000 =           0. bytes (ABS,CON)

      Value  Global                              Global Defined In Module
      -----  --------------------------------   ------------------------
     00000096  _MAC0ACC3                          pong
     00000096  _P1_6                              pong
     00000096  _SFRPGCN                           pong
     00000097  G$CLKSEL$0$0                       pong
     00000097  G$MAC0OVR$0$0                      pong
     00000097  G$P1_7$0$0                         pong
     00000097  _CLKSEL                            pong
     00000097  _MAC0OVR                           pong
     00000097  _P1_7                              pong
     00000098  G$RI$0$0                           pong
     00000098  G$RI0$0$0                          pong
     00000098  G$RI1$0$0                          pong
     00000098  G$SCON$0$0                         pong
     00000098  G$SCON0$0$0                        pong
     00000098  G$SCON1$0$0                        pong
     00000098  _RI                                pong
     00000098  _RI0                               pong
     00000098  _RI1                               pong
     00000098  _SCON                              pong
     00000098  _SCON0                             pong
     00000098  _SCON1                             pong
     00000099  G$SBUF$0$0                         pong
     00000099  G$SBUF0$0$0                        pong
     00000099  G$SBUF1$0$0                        pong
     00000099  G$TI$0$0                           pong
     00000099  G$TI0$0$0                          pong
     00000099  G$TI1$0$0                          pong
     00000099  _SBUF                              pong
     00000099  _SBUF0                             pong
     00000099  _SBUF1                             pong
     00000099  _TI                                pong
     00000099  _TI0                               pong
     00000099  _TI1                               pong
     0000009A  G$CCH0MA$0$0                       pong
     0000009A  G$RB80$0$0                         pong
     0000009A  G$RB81$0$0                         pong
     0000009A  G$SPI0CFG$0$0                      pong
     0000009A  _CCH0MA                            pong
     0000009A  _RB80                              pong
     0000009A  _RB81                              pong
     0000009A  _SPI0CFG                           pong
     0000009B  G$SPI0DAT$0$0                      pong
     0000009B  G$TB80$0$0                         pong
     0000009B  G$TB81$0$0                         pong
     0000009B  _SPI0DAT                           pong
     0000009B  _TB80                              pong
     0000009B  _TB81                              pong
     0000009C  G$P4MDOUT$0$0                      pong
     0000009C  G$REN$0$0                          pong
     0000009C  G$REN0$0$0                         pong
     0000009C  G$REN1$0$0                         pong
ASxxxx Linker V03.00 + NoICE + sdld,  page 7.
Hexadecimal  [32-Bits]

Area                                    Addr        Size        Decimal Bytes (Attributes)
--------------------------------        ----        ----        ------- ----- ------------
.  .ABS.                            00000000    00000000 =           0. bytes (ABS,CON)

      Value  Global                              Global Defined In Module
      -----  --------------------------------   ------------------------
     0000009C  _P4MDOUT                           pong
     0000009C  _REN                               pong
     0000009C  _REN0                              pong
     0000009C  _REN1                              pong
     0000009D  G$MCE1$0$0                         pong
     0000009D  G$P5MDOUT$0$0                      pong
     0000009D  G$SM20$0$0                         pong
     0000009D  G$SPI0CKR$0$0                      pong
     0000009D  _MCE1                              pong
     0000009D  _P5MDOUT                           pong
     0000009D  _SM20                              pong
     0000009D  _SPI0CKR                           pong
     0000009E  G$P6MDOUT$0$0                      pong
     0000009E  G$SM10$0$0                         pong
     0000009E  _P6MDOUT                           pong
     0000009E  _SM10                              pong
     0000009F  G$P7MDOUT$0$0                      pong
     0000009F  G$S1MODE$0$0                       pong
     0000009F  G$SM00$0$0                         pong
     0000009F  _P7MDOUT                           pong
     0000009F  _S1MODE                            pong
     0000009F  _SM00                              pong
     000000A0  G$P2$0$0                           pong
     000000A0  G$P2_0$0$0                         pong
     000000A0  _P2                                pong
     000000A0  _P2_0                              pong
     000000A1  G$CCH0CN$0$0                       pong
     000000A1  G$EMI0TC$0$0                       pong
     000000A1  G$P2_1$0$0                         pong
     000000A1  _CCH0CN                            pong
     000000A1  _EMI0TC                            pong
     000000A1  _P2_1                              pong
     000000A2  G$CCH0TN$0$0                       pong
     000000A2  G$EMI0CN$0$0                       pong
     000000A2  G$P2_2$0$0                         pong
     000000A2  G$_XPAGE$0$0                       pong
     000000A2  _CCH0TN                            pong
     000000A2  _EMI0CN                            pong
     000000A2  _P2_2                              pong
     000000A2  __XPAGE                            pong
     000000A3  G$CCH0LC$0$0                       pong
     000000A3  G$EMI0CF$0$0                       pong
     000000A3  G$P2_3$0$0                         pong
     000000A3  _CCH0LC                            pong
     000000A3  _EMI0CF                            pong
     000000A3  _P2_3                              pong
     000000A4  G$P0MDOUT$0$0                      pong
     000000A4  G$P2_4$0$0                         pong
     000000A4  _P0MDOUT                           pong
     000000A4  _P2_4                              pong
     000000A5  G$P1MDOUT$0$0                      pong
ASxxxx Linker V03.00 + NoICE + sdld,  page 8.
Hexadecimal  [32-Bits]

Area                                    Addr        Size        Decimal Bytes (Attributes)
--------------------------------        ----        ----        ------- ----- ------------
.  .ABS.                            00000000    00000000 =           0. bytes (ABS,CON)

      Value  Global                              Global Defined In Module
      -----  --------------------------------   ------------------------
     000000A5  G$P2_5$0$0                         pong
     000000A5  _P1MDOUT                           pong
     000000A5  _P2_5                              pong
     000000A6  G$P2MDOUT$0$0                      pong
     000000A6  G$P2_6$0$0                         pong
     000000A6  _P2MDOUT                           pong
     000000A6  _P2_6                              pong
     000000A7  G$P2_7$0$0                         pong
     000000A7  G$P3MDOUT$0$0                      pong
     000000A7  _P2_7                              pong
     000000A7  _P3MDOUT                           pong
     000000A8  G$EX0$0$0                          pong
     000000A8  G$IE$0$0                           pong
     000000A8  _EX0                               pong
     000000A8  _IE                                pong
     000000A9  G$ET0$0$0                          pong
     000000A9  G$SADDR0$0$0                       pong
     000000A9  _ET0                               pong
     000000A9  _SADDR0                            pong
     000000AA  G$EX1$0$0                          pong
     000000AA  _EX1                               pong
     000000AB  G$ET1$0$0                          pong
     000000AB  _ET1                               pong
     000000AC  G$ES$0$0                           pong
     000000AC  G$ES0$0$0                          pong
     000000AC  _ES                                pong
     000000AC  _ES0                               pong
     000000AD  G$ET2$0$0                          pong
     000000AD  G$P1MDIN$0$0                       pong
     000000AD  _ET2                               pong
     000000AD  _P1MDIN                            pong
     000000AF  G$EA$0$0                           pong
     000000AF  _EA                                pong
     000000B0  G$P3$0$0                           pong
     000000B0  G$P3_0$0$0                         pong
     000000B0  _P3                                pong
     000000B0  _P3_0                              pong
     000000B1  G$P3_1$0$0                         pong
     000000B1  G$PSBANK$0$0                       pong
     000000B1  _P3_1                              pong
     000000B1  _PSBANK                            pong
     000000B2  G$P3_2$0$0                         pong
     000000B2  _P3_2                              pong
     000000B3  G$P3_3$0$0                         pong
     000000B3  _P3_3                              pong
     000000B4  G$P3_4$0$0                         pong
     000000B4  _P3_4                              pong
     000000B5  G$P3_5$0$0                         pong
     000000B5  _P3_5                              pong
     000000B6  G$P3_6$0$0                         pong
     000000B6  _P3_6                              pong
ASxxxx Linker V03.00 + NoICE + sdld,  page 9.
Hexadecimal  [32-Bits]

Area                                    Addr        Size        Decimal Bytes (Attributes)
--------------------------------        ----        ----        ------- ----- ------------
.  .ABS.                            00000000    00000000 =           0. bytes (ABS,CON)

      Value  Global                              Global Defined In Module
      -----  --------------------------------   ------------------------
     000000B7  G$FLACL$0$0                        pong
     000000B7  G$FLSCL$0$0                        pong
     000000B7  G$P3_7$0$0                         pong
     000000B7  _FLACL                             pong
     000000B7  _FLSCL                             pong
     000000B7  _P3_7                              pong
     000000B8  G$IP$0$0                           pong
     000000B8  G$PX0$0$0                          pong
     000000B8  _IP                                pong
     000000B8  _PX0                               pong
     000000B9  G$PT0$0$0                          pong
     000000B9  G$SADEN0$0$0                       pong
     000000B9  _PT0                               pong
     000000B9  _SADEN0                            pong
     000000BA  G$AMX0CF$0$0                       pong
     000000BA  G$AMX2CF$0$0                       pong
     000000BA  G$PX1$0$0                          pong
     000000BA  _AMX0CF                            pong
     000000BA  _AMX2CF                            pong
     000000BA  _PX1                               pong
     000000BB  G$AMX0SL$0$0                       pong
     000000BB  G$AMX2SL$0$0                       pong
     000000BB  G$PT1$0$0                          pong
     000000BB  _AMX0SL                            pong
     000000BB  _AMX2SL                            pong
     000000BB  _PT1                               pong
     000000BC  G$ADC0CF$0$0                       pong
     000000BC  G$ADC2CF$0$0                       pong
     000000BC  G$PS$0$0                           pong
     000000BC  G$PS0$0$0                          pong
     000000BC  _ADC0CF                            pong
     000000BC  _ADC2CF                            pong
     000000BC  _PS                                pong
     000000BC  _PS0                               pong
     000000BD  G$PT2$0$0                          pong
     000000BD  _PT2                               pong
     000000BE  G$ADC0L$0$0                        pong
     000000BE  G$ADC2$0$0                         pong
     000000BE  _ADC0L                             pong
     000000BE  _ADC2                              pong
     000000BF  G$ADC0H$0$0                        pong
     000000BF  _ADC0H                             pong
     000000C0  G$MAC0N$0$0                        pong
     000000C0  G$MAC0STA$0$0                      pong
     000000C0  G$SMB0CN$0$0                       pong
     000000C0  G$SMBTOE$0$0                       pong
     000000C0  _MAC0N                             pong
     000000C0  _MAC0STA                           pong
     000000C0  _SMB0CN                            pong
     000000C0  _SMBTOE                            pong
     000000C1  G$MAC0AL$0$0                       pong
ASxxxx Linker V03.00 + NoICE + sdld,  page 10.
Hexadecimal  [32-Bits]

Area                                    Addr        Size        Decimal Bytes (Attributes)
--------------------------------        ----        ----        ------- ----- ------------
.  .ABS.                            00000000    00000000 =           0. bytes (ABS,CON)

      Value  Global                              Global Defined In Module
      -----  --------------------------------   ------------------------
     000000C1  G$MAC0SO$0$0                       pong
     000000C1  G$SMB0STA$0$0                      pong
     000000C1  G$SMBFTE$0$0                       pong
     000000C1  _MAC0AL                            pong
     000000C1  _MAC0SO                            pong
     000000C1  _SMB0STA                           pong
     000000C1  _SMBFTE                            pong
     000000C2  G$AA$0$0                           pong
     000000C2  G$MAC0AH$0$0                       pong
     000000C2  G$MAC0Z$0$0                        pong
     000000C2  G$SMB0DAT$0$0                      pong
     000000C2  _AA                                pong
     000000C2  _MAC0AH                            pong
     000000C2  _MAC0Z                             pong
     000000C2  _SMB0DAT                           pong
     000000C3  G$MAC0CF$0$0                       pong
     000000C3  G$MAC0HO$0$0                       pong
     000000C3  G$SI$0$0                           pong
     000000C3  G$SMB0ADR$0$0                      pong
     000000C3  _MAC0CF                            pong
     000000C3  _MAC0HO                            pong
     000000C3  _SI                                pong
     000000C3  _SMB0ADR                           pong
     000000C4  G$ADC0GTL$0$0                      pong
     000000C4  G$ADC2GT$0$0                       pong
     000000C4  G$STO$0$0                          pong
     000000C4  _ADC0GTL                           pong
     000000C4  _ADC2GT                            pong
     000000C4  _STO                               pong
     000000C5  G$ADC0GTH$0$0                      pong
     000000C5  G$STA$0$0                          pong
     000000C5  _ADC0GTH                           pong
     000000C5  _STA                               pong
     000000C6  G$ADC0LTL$0$0                      pong
     000000C6  G$ADC2LT$0$0                       pong
     000000C6  G$ENSMB$0$0                        pong
     000000C6  _ADC0LTL                           pong
     000000C6  _ADC2LT                            pong
     000000C6  _ENSMB                             pong
     000000C7  G$ADC0LTH$0$0                      pong
     000000C7  G$BUSY$0$0                         pong
     000000C7  _ADC0LTH                           pong
     000000C7  _BUSY                              pong
     000000C8  G$CPRL2$0$0                        pong
     000000C8  G$CPRL3$0$0                        pong
     000000C8  G$CPRL4$0$0                        pong
     000000C8  G$P4$0$0                           pong
     000000C8  G$P4_0$0$0                         pong
     000000C8  G$TMR2CN$0$0                       pong
     000000C8  G$TMR3CN$0$0                       pong
     000000C8  G$TMR4CN$0$0                       pong
ASxxxx Linker V03.00 + NoICE + sdld,  page 11.
Hexadecimal  [32-Bits]

Area                                    Addr        Size        Decimal Bytes (Attributes)
--------------------------------        ----        ----        ------- ----- ------------
.  .ABS.                            00000000    00000000 =           0. bytes (ABS,CON)

      Value  Global                              Global Defined In Module
      -----  --------------------------------   ------------------------
     000000C8  _CPRL2                             pong
     000000C8  _CPRL3                             pong
     000000C8  _CPRL4                             pong
     000000C8  _P4                                pong
     000000C8  _P4_0                              pong
     000000C8  _TMR2CN                            pong
     000000C8  _TMR3CN                            pong
     000000C8  _TMR4CN                            pong
     000000C9  G$CT2$0$0                          pong
     000000C9  G$CT3$0$0                          pong
     000000C9  G$CT4$0$0                          pong
     000000C9  G$P4_1$0$0                         pong
     000000C9  G$TMR2CF$0$0                       pong
     000000C9  G$TMR3CF$0$0                       pong
     000000C9  G$TMR4CF$0$0                       pong
     000000C9  _CT2                               pong
     000000C9  _CT3                               pong
     000000C9  _CT4                               pong
     000000C9  _P4_1                              pong
     000000C9  _TMR2CF                            pong
     000000C9  _TMR3CF                            pong
     000000C9  _TMR4CF                            pong
     000000CA  G$P4_2$0$0                         pong
     000000CA  G$RCAP2L$0$0                       pong
     000000CA  G$RCAP3L$0$0                       pong
     000000CA  G$RCAP4L$0$0                       pong
     000000CA  G$TR2$0$0                          pong
     000000CA  G$TR3$0$0                          pong
     000000CA  G$TR4$0$0                          pong
     000000CA  _P4_2                              pong
     000000CA  _RCAP2L                            pong
     000000CA  _RCAP3L                            pong
     000000CA  _RCAP4L                            pong
     000000CA  _TR2                               pong
     000000CA  _TR3                               pong
     000000CA  _TR4                               pong
     000000CB  G$EXEN2$0$0                        pong
     000000CB  G$EXEN3$0$0                        pong
     000000CB  G$EXEN4$0$0                        pong
     000000CB  G$P4_3$0$0                         pong
     000000CB  G$RCAP2H$0$0                       pong
     000000CB  G$RCAP3H$0$0                       pong
     000000CB  G$RCAP4H$0$0                       pong
     000000CB  _EXEN2                             pong
     000000CB  _EXEN3                             pong
     000000CB  _EXEN4                             pong
     000000CB  _P4_3                              pong
     000000CB  _RCAP2H                            pong
     000000CB  _RCAP3H                            pong
     000000CB  _RCAP4H                            pong
     000000CC  G$P4_4$0$0                         pong
ASxxxx Linker V03.00 + NoICE + sdld,  page 12.
Hexadecimal  [32-Bits]

Area                                    Addr        Size        Decimal Bytes (Attributes)
--------------------------------        ----        ----        ------- ----- ------------
.  .ABS.                            00000000    00000000 =           0. bytes (ABS,CON)

      Value  Global                              Global Defined In Module
      -----  --------------------------------   ------------------------
     000000CC  G$TL2$0$0                          pong
     000000CC  G$TMR2L$0$0                        pong
     000000CC  G$TMR3L$0$0                        pong
     000000CC  G$TMR4L$0$0                        pong
     000000CC  _P4_4                              pong
     000000CC  _TL2                               pong
     000000CC  _TMR2L                             pong
     000000CC  _TMR3L                             pong
     000000CC  _TMR4L                             pong
     000000CD  G$P4_5$0$0                         pong
     000000CD  G$TH2$0$0                          pong
     000000CD  G$TMR2H$0$0                        pong
     000000CD  G$TMR3H$0$0                        pong
     000000CD  G$TMR4H$0$0                        pong
     000000CD  _P4_5                              pong
     000000CD  _TH2                               pong
     000000CD  _TMR2H                             pong
     000000CD  _TMR3H                             pong
     000000CD  _TMR4H                             pong
     000000CE  G$EXF2$0$0                         pong
     000000CE  G$EXF3$0$0                         pong
     000000CE  G$EXF4$0$0                         pong
     000000CE  G$MAC0RNDL$0$0                     pong
     000000CE  G$P4_6$0$0                         pong
     000000CE  _EXF2                              pong
     000000CE  _EXF3                              pong
     000000CE  _EXF4                              pong
     000000CE  _MAC0RNDL                          pong
     000000CE  _P4_6                              pong
     000000CF  G$MAC0RNDH$0$0                     pong
     000000CF  G$P4_7$0$0                         pong
     000000CF  G$SMB0CR$0$0                       pong
     000000CF  G$TF2$0$0                          pong
     000000CF  G$TF3$0$0                          pong
     000000CF  G$TF4$0$0                          pong
     000000CF  _MAC0RNDH                          pong
     000000CF  _P4_7                              pong
     000000CF  _SMB0CR                            pong
     000000CF  _TF2                               pong
     000000CF  _TF3                               pong
     000000CF  _TF4                               pong
     000000D0  G$P$0$0                            pong
     000000D0  G$PSW$0$0                          pong
     000000D0  _P                                 pong
     000000D0  _PSW                               pong
     000000D1  G$F1$0$0                           pong
     000000D1  G$REF0CN$0$0                       pong
     000000D1  _F1                                pong
     000000D1  _REF0CN                            pong
     000000D2  G$DAC0L$0$0                        pong
     000000D2  G$DAC1L$0$0                        pong
ASxxxx Linker V03.00 + NoICE + sdld,  page 13.
Hexadecimal  [32-Bits]

Area                                    Addr        Size        Decimal Bytes (Attributes)
--------------------------------        ----        ----        ------- ----- ------------
.  .ABS.                            00000000    00000000 =           0. bytes (ABS,CON)

      Value  Global                              Global Defined In Module
      -----  --------------------------------   ------------------------
     000000D2  G$OV$0$0                           pong
     000000D2  _DAC0L                             pong
     000000D2  _DAC1L                             pong
     000000D2  _OV                                pong
     000000D3  G$DAC0H$0$0                        pong
     000000D3  G$DAC1H$0$0                        pong
     000000D3  G$RS0$0$0                          pong
     000000D3  _DAC0H                             pong
     000000D3  _DAC1H                             pong
     000000D3  _RS0                               pong
     000000D4  G$DAC0CN$0$0                       pong
     000000D4  G$DAC1CN$0$0                       pong
     000000D4  G$RS1$0$0                          pong
     000000D4  _DAC0CN                            pong
     000000D4  _DAC1CN                            pong
     000000D4  _RS1                               pong
     000000D5  G$F0$0$0                           pong
     000000D5  _F0                                pong
     000000D6  G$AC$0$0                           pong
     000000D6  _AC                                pong
     000000D7  G$CY$0$0                           pong
     000000D7  _CY                                pong
     000000D8  G$CCF0$0$0                         pong
     000000D8  G$P5$0$0                           pong
     000000D8  G$P5_0$0$0                         pong
     000000D8  G$PCA0CN$0$0                       pong
     000000D8  _CCF0                              pong
     000000D8  _P5                                pong
     000000D8  _P5_0                              pong
     000000D8  _PCA0CN                            pong
     000000D9  G$CCF1$0$0                         pong
     000000D9  G$P5_1$0$0                         pong
     000000D9  G$PCA0MD$0$0                       pong
     000000D9  _CCF1                              pong
     000000D9  _P5_1                              pong
     000000D9  _PCA0MD                            pong
     000000DA  G$CCF2$0$0                         pong
     000000DA  G$P5_2$0$0                         pong
     000000DA  G$PCA0CPM0$0$0                     pong
     000000DA  _CCF2                              pong
     000000DA  _P5_2                              pong
     000000DA  _PCA0CPM0                          pong
     000000DB  G$CCF3$0$0                         pong
     000000DB  G$P5_3$0$0                         pong
     000000DB  G$PCA0CPM1$0$0                     pong
     000000DB  _CCF3                              pong
     000000DB  _P5_3                              pong
     000000DB  _PCA0CPM1                          pong
     000000DC  G$CCF4$0$0                         pong
     000000DC  G$P5_4$0$0                         pong
     000000DC  G$PCA0CPM2$0$0                     pong
ASxxxx Linker V03.00 + NoICE + sdld,  page 14.
Hexadecimal  [32-Bits]

Area                                    Addr        Size        Decimal Bytes (Attributes)
--------------------------------        ----        ----        ------- ----- ------------
.  .ABS.                            00000000    00000000 =           0. bytes (ABS,CON)

      Value  Global                              Global Defined In Module
      -----  --------------------------------   ------------------------
     000000DC  _CCF4                              pong
     000000DC  _P5_4                              pong
     000000DC  _PCA0CPM2                          pong
     000000DD  G$CCF5$0$0                         pong
     000000DD  G$P5_5$0$0                         pong
     000000DD  G$PCA0CPM3$0$0                     pong
     000000DD  _CCF5                              pong
     000000DD  _P5_5                              pong
     000000DD  _PCA0CPM3                          pong
     000000DE  G$CR$0$0                           pong
     000000DE  G$P5_6$0$0                         pong
     000000DE  G$PCA0CPM4$0$0                     pong
     000000DE  _CR                                pong
     000000DE  _P5_6                              pong
     000000DE  _PCA0CPM4                          pong
     000000DF  G$CF$0$0                           pong
     000000DF  G$P5_7$0$0                         pong
     000000DF  G$PCA0CPM5$0$0                     pong
     000000DF  _CF                                pong
     000000DF  _P5_7                              pong
     000000DF  _PCA0CPM5                          pong
     000000E0  G$ACC$0$0                          pong
     000000E0  _ACC                               pong
     000000E1  G$PCA0CPL5$0$0                     pong
     000000E1  G$XBR0$0$0                         pong
     000000E1  _PCA0CPL5                          pong
     000000E1  _XBR0                              pong
     000000E2  G$PCA0CPH5$0$0                     pong
     000000E2  G$XBR1$0$0                         pong
     000000E2  _PCA0CPH5                          pong
     000000E2  _XBR1                              pong
     000000E3  G$XBR2$0$0                         pong
     000000E3  _XBR2                              pong
     000000E6  G$EIE1$0$0                         pong
     000000E6  _EIE1                              pong
     000000E7  G$EIE2$0$0                         pong
     000000E7  _EIE2                              pong
     000000E8  G$AD0LJST$0$0                      pong
     000000E8  G$AD2WINT$0$0                      pong
     000000E8  G$ADC0CN$0$0                       pong
     000000E8  G$ADC2CN$0$0                       pong
     000000E8  G$P6$0$0                           pong
     000000E8  G$P6_0$0$0                         pong
     000000E8  _AD0LJST                           pong
     000000E8  _AD2WINT                           pong
     000000E8  _ADC0CN                            pong
     000000E8  _ADC2CN                            pong
     000000E8  _P6                                pong
     000000E8  _P6_0                              pong
     000000E9  G$AD0WINT$0$0                      pong
     000000E9  G$AD2CM0$0$0                       pong
ASxxxx Linker V03.00 + NoICE + sdld,  page 15.
Hexadecimal  [32-Bits]

Area                                    Addr        Size        Decimal Bytes (Attributes)
--------------------------------        ----        ----        ------- ----- ------------
.  .ABS.                            00000000    00000000 =           0. bytes (ABS,CON)

      Value  Global                              Global Defined In Module
      -----  --------------------------------   ------------------------
     000000E9  G$P6_1$0$0                         pong
     000000E9  G$PCA0CPL2$0$0                     pong
     000000E9  _AD0WINT                           pong
     000000E9  _AD2CM0                            pong
     000000E9  _P6_1                              pong
     000000E9  _PCA0CPL2                          pong
     000000EA  G$AD0CM0$0$0                       pong
     000000EA  G$AD2CM1$0$0                       pong
     000000EA  G$P6_2$0$0                         pong
     000000EA  G$PCA0CPH2$0$0                     pong
     000000EA  _AD0CM0                            pong
     000000EA  _AD2CM1                            pong
     000000EA  _P6_2                              pong
     000000EA  _PCA0CPH2                          pong
     000000EB  G$AD0CM1$0$0                       pong
     000000EB  G$AD2CM2$0$0                       pong
     000000EB  G$P6_3$0$0                         pong
     000000EB  G$PCA0CPL3$0$0                     pong
     000000EB  _AD0CM1                            pong
     000000EB  _AD2CM2                            pong
     000000EB  _P6_3                              pong
     000000EB  _PCA0CPL3                          pong
     000000EC  G$AD0BUSY$0$0                      pong
     000000EC  G$AD2BUSY$0$0                      pong
     000000EC  G$P6_4$0$0                         pong
     000000EC  G$PCA0CPH3$0$0                     pong
     000000EC  _AD0BUSY                           pong
     000000EC  _AD2BUSY                           pong
     000000EC  _P6_4                              pong
     000000EC  _PCA0CPH3                          pong
     000000ED  G$AD0INT$0$0                       pong
     000000ED  G$AD2INT$0$0                       pong
     000000ED  G$P6_5$0$0                         pong
     000000ED  G$PCA0CPL4$0$0                     pong
     000000ED  _AD0INT                            pong
     000000ED  _AD2INT                            pong
     000000ED  _P6_5                              pong
     000000ED  _PCA0CPL4                          pong
     000000EE  G$AD0TM$0$0                        pong
     000000EE  G$AD2TM$0$0                        pong
     000000EE  G$P6_6$0$0                         pong
     000000EE  G$PCA0CPH4$0$0                     pong
     000000EE  _AD0TM                             pong
     000000EE  _AD2TM                             pong
     000000EE  _P6_6                              pong
     000000EE  _PCA0CPH4                          pong
     000000EF  G$AD0EN$0$0                        pong
     000000EF  G$AD2EN$0$0                        pong
     000000EF  G$P6_7$0$0                         pong
     000000EF  G$RSTSRC$0$0                       pong
     000000EF  _AD0EN                             pong
ASxxxx Linker V03.00 + NoICE + sdld,  page 16.
Hexadecimal  [32-Bits]

Area                                    Addr        Size        Decimal Bytes (Attributes)
--------------------------------        ----        ----        ------- ----- ------------
.  .ABS.                            00000000    00000000 =           0. bytes (ABS,CON)

      Value  Global                              Global Defined In Module
      -----  --------------------------------   ------------------------
     000000EF  _AD2EN                             pong
     000000EF  _P6_7                              pong
     000000EF  _RSTSRC                            pong
     000000F0  G$B$0$0                            pong
     000000F0  _B                                 pong
     000000F5  _B_5                               _gptrget
     000000F6  G$EIP1$0$0                         pong
     000000F6  _B_6                               _gptrget
     000000F6  _EIP1                              pong
     000000F7  G$EIP2$0$0                         pong
     000000F7  _B_7                               _gptrget
     000000F7  _EIP2                              pong
     000000F8  G$P7$0$0                           pong
     000000F8  G$P7_0$0$0                         pong
     000000F8  G$SPI0CN$0$0                       pong
     000000F8  G$SPIEN$0$0                        pong
     000000F8  _P7                                pong
     000000F8  _P7_0                              pong
     000000F8  _SPI0CN                            pong
     000000F8  _SPIEN                             pong
     000000F9  G$P7_1$0$0                         pong
     000000F9  G$PCA0L$0$0                        pong
     000000F9  G$TXBMT$0$0                        pong
     000000F9  _P7_1                              pong
     000000F9  _PCA0L                             pong
     000000F9  _TXBMT                             pong
     000000FA  G$NSSMD0$0$0                       pong
     000000FA  G$P7_2$0$0                         pong
     000000FA  G$PCA0H$0$0                        pong
     000000FA  _NSSMD0                            pong
     000000FA  _P7_2                              pong
     000000FA  _PCA0H                             pong
     000000FB  G$NSSMD1$0$0                       pong
     000000FB  G$P7_3$0$0                         pong
     000000FB  G$PCA0CPL0$0$0                     pong
     000000FB  _NSSMD1                            pong
     000000FB  _P7_3                              pong
     000000FB  _PCA0CPL0                          pong
     000000FC  G$P7_4$0$0                         pong
     000000FC  G$PCA0CPH0$0$0                     pong
     000000FC  G$RXOVRN$0$0                       pong
     000000FC  _P7_4                              pong
     000000FC  _PCA0CPH0                          pong
     000000FC  _RXOVRN                            pong
     000000FD  G$MODF$0$0                         pong
     000000FD  G$P7_5$0$0                         pong
     000000FD  G$PCA0CPL1$0$0                     pong
     000000FD  _MODF                              pong
     000000FD  _P7_5                              pong
     000000FD  _PCA0CPL1                          pong
     000000FE  G$P7_6$0$0                         pong
ASxxxx Linker V03.00 + NoICE + sdld,  page 17.
Hexadecimal  [32-Bits]

Area                                    Addr        Size        Decimal Bytes (Attributes)
--------------------------------        ----        ----        ------- ----- ------------
.  .ABS.                            00000000    00000000 =           0. bytes (ABS,CON)

      Value  Global                              Global Defined In Module
      -----  --------------------------------   ------------------------
     000000FE  G$PCA0CPH1$0$0                     pong
     000000FE  G$WCOL$0$0                         pong
     000000FE  _P7_6                              pong
     000000FE  _PCA0CPH1                          pong
     000000FE  _WCOL                              pong
     000000FF  G$P7_7$0$0                         pong
     000000FF  G$SPIF$0$0                         pong
     000000FF  G$WDTCN$0$0                        pong
     000000FF  _P7_7                              pong
     000000FF  _SPIF                              pong
     000000FF  _WDTCN                             pong
     00008C8A  G$TMR0$0$0                         pong
     00008C8A  _TMR0                              pong
     00008D8B  G$TMR1$0$0                         pong
     00008D8B  _TMR1                              pong
     0000BFBE  G$ADC0$0$0                         pong
     0000BFBE  _ADC0                              pong
     0000C2C1  G$MAC0A$0$0                        pong
     0000C2C1  _MAC0A                             pong
     0000C5C4  G$ADC0GT$0$0                       pong
     0000C5C4  _ADC0GT                            pong
     0000C7C6  G$ADC0LT$0$0                       pong
     0000C7C6  _ADC0LT                            pong
     0000CBCA  G$RCAP2$0$0                        pong
     0000CBCA  G$RCAP3$0$0                        pong
     0000CBCA  G$RCAP4$0$0                        pong
     0000CBCA  _RCAP2                             pong
     0000CBCA  _RCAP3                             pong
     0000CBCA  _RCAP4                             pong
     0000CDCC  G$TMR2$0$0                         pong
     0000CDCC  G$TMR3$0$0                         pong
     0000CDCC  G$TMR4$0$0                         pong
     0000CDCC  _TMR2                              pong
     0000CDCC  _TMR3                              pong
     0000CDCC  _TMR4                              pong
     0000CFCE  G$MAC0RND$0$0                      pong
     0000CFCE  _MAC0RND                           pong
     0000D3D2  G$DAC0$0$0                         pong
     0000D3D2  G$DAC1$0$0                         pong
     0000D3D2  _DAC0                              pong
     0000D3D2  _DAC1                              pong
     0000E2E1  G$PCA0CP5$0$0                      pong
     0000E2E1  _PCA0CP5                           pong
     0000EAE9  G$PCA0CP2$0$0                      pong
     0000EAE9  _PCA0CP2                           pong
     0000ECEB  G$PCA0CP3$0$0                      pong
     0000ECEB  _PCA0CP3                           pong
     0000EEED  G$PCA0CP4$0$0                      pong
     0000EEED  _PCA0CP4                           pong
     0000FAF9  G$PCA0$0$0                         pong
     0000FAF9  _PCA0                              pong
ASxxxx Linker V03.00 + NoICE + sdld,  page 18.
Hexadecimal  [32-Bits]

Area                                    Addr        Size        Decimal Bytes (Attributes)
--------------------------------        ----        ----        ------- ----- ------------
.  .ABS.                            00000000    00000000 =           0. bytes (ABS,CON)

      Value  Global                              Global Defined In Module
      -----  --------------------------------   ------------------------
     0000FCFB  G$PCA0CP0$0$0                      pong
     0000FCFB  _PCA0CP0                           pong
     0000FEFD  G$PCA0CP1$0$0                      pong
     0000FEFD  _PCA0CP1                           pong
     00959493  G$MAC0ACC$0$0                      pong
     00959493  _MAC0ACC                           pong

ASxxxx Linker V03.00 + NoICE + sdld,  page 19.
Hexadecimal  [32-Bits]

Area                                    Addr        Size        Decimal Bytes (Attributes)
--------------------------------        ----        ----        ------- ----- ------------
BSEG_BYTES                          00000020    00000002 =           2. bytes (REL,CON)

      Value  Global                              Global Defined In Module
      -----  --------------------------------   ------------------------
ASxxxx Linker V03.00 + NoICE + sdld,  page 20.
Hexadecimal  [32-Bits]

Area                                    Addr        Size        Decimal Bytes (Attributes)
--------------------------------        ----        ----        ------- ----- ------------
REG_BANK_0                          00000000    00000008 =           8. bytes (REL,OVR)

      Value  Global                              Global Defined In Module
      -----  --------------------------------   ------------------------
ASxxxx Linker V03.00 + NoICE + sdld,  page 21.
Hexadecimal  [32-Bits]

Area                                    Addr        Size        Decimal Bytes (Attributes)
--------------------------------        ----        ----        ------- ----- ------------
DSEG                                00000000    00000076 =         118. bytes (REL,CON)

      Value  Global                              Global Defined In Module
      -----  --------------------------------   ------------------------
     00000008  _vprintf_PARM_2                    vprintf
     00000009  _bp                                _bp
     00000022  G$pixel$0$0                        pong
     00000022  _pixel                             pong
     00000023  G$screenWidth$0$0                  pong
     00000023  _screenWidth                       pong
     00000024  G$screenHeight$0$0                 pong
     00000024  _screenHeight                      pong
     00000025  G$score1$0$0                       pong
     00000025  _score1                            pong
     00000026  G$score2$0$0                       pong
     00000026  _score2                            pong
     00000027  G$player1Pos$0$0                   pong
     00000027  _player1Pos                        pong
     00000028  G$player2Pos$0$0                   pong
     00000028  _player2Pos                        pong
     00000029  G$ballX$0$0                        pong
     00000029  _ballX                             pong
     0000002A  G$ballY$0$0                        pong
     0000002A  _ballY                             pong
     0000002B  G$velX$0$0                         pong
     0000002B  _velX                              pong
     0000002C  G$velY$0$0                         pong
     0000002C  _velY                              pong
     0000002D  Lpong.updateBall$str$1$56          pong
     0000004D  __print_format_PARM_2              printf_large
     00000050  __print_format_PARM_3              printf_large
     00000053  __print_format_PARM_4              printf_large

ASxxxx Linker V03.00 + NoICE + sdld,  page 22.
Hexadecimal  [32-Bits]

Area                                    Addr        Size        Decimal Bytes (Attributes)
--------------------------------        ----        ----        ------- ----- ------------
OSEG                                0000000A    00000006 =           6. bytes (REL,OVR)

      Value  Global                              Global Defined In Module
      -----  --------------------------------   ------------------------
     0000000A  __gptrput_PARM_2                   _gptrput
     0000000A  _strcpy_PARM_2                     _strcpy

ASxxxx Linker V03.00 + NoICE + sdld,  page 23.
Hexadecimal  [32-Bits]

Area                                    Addr        Size        Decimal Bytes (Attributes)
--------------------------------        ----        ----        ------- ----- ------------
ISEG                                00000010    00000006 =           6. bytes (REL,CON)

      Value  Global                              Global Defined In Module
      -----  --------------------------------   ------------------------
ASxxxx Linker V03.00 + NoICE + sdld,  page 24.
Hexadecimal  [32-Bits]

Area                                    Addr        Size        Decimal Bytes (Attributes)
--------------------------------        ----        ----        ------- ----- ------------
SSEG                                0000005B    000000A5 =         165. bytes (REL,OVR)

      Value  Global                              Global Defined In Module
      -----  --------------------------------   ------------------------
     0000005B  __start__stack                     pong

ASxxxx Linker V03.00 + NoICE + sdld,  page 25.
Hexadecimal  [32-Bits]

Area                                    Addr        Size        Decimal Bytes (Attributes)
--------------------------------        ----        ----        ------- ----- ------------
HOME                                00000000    00000006 =           6. bytes (REL,CON,CODE)

      Value  Global                              Global Defined In Module
      -----  --------------------------------   ------------------------
C:   00000000  A$pong$1299                        pong
C:   00000003  A$pong$1354                        pong
C:   00000003  __sdcc_program_startup             pong
ASxxxx Linker V03.00 + NoICE + sdld,  page 26.
Hexadecimal  [32-Bits]

Area                                    Addr        Size        Decimal Bytes (Attributes)
--------------------------------        ----        ----        ------- ----- ------------
GSINIT0                             00000006    00000003 =           3. bytes (REL,CON,CODE)

      Value  Global                              Global Defined In Module
      -----  --------------------------------   ------------------------
C:   00000006  __sdcc_gsinit_startup              

ASxxxx Linker V03.00 + NoICE + sdld,  page 27.
Hexadecimal  [32-Bits]

Area                                    Addr        Size        Decimal Bytes (Attributes)
--------------------------------        ----        ----        ------- ----- ------------
GSINIT2                             00000009    0000000A =          10. bytes (REL,CON,CODE)

      Value  Global                              Global Defined In Module
      -----  --------------------------------   ------------------------
ASxxxx Linker V03.00 + NoICE + sdld,  page 28.
Hexadecimal  [32-Bits]

Area                                    Addr        Size        Decimal Bytes (Attributes)
--------------------------------        ----        ----        ------- ----- ------------
GSINIT3                             00000013    00000022 =          34. bytes (REL,CON,CODE)

      Value  Global                              Global Defined In Module
      -----  --------------------------------   ------------------------
C:   00000013  __mcs51_genXINIT                   

ASxxxx Linker V03.00 + NoICE + sdld,  page 29.
Hexadecimal  [32-Bits]

Area                                    Addr        Size        Decimal Bytes (Attributes)
--------------------------------        ----        ----        ------- ----- ------------
GSINIT4                             00000035    0000002A =          42. bytes (REL,CON,CODE)

      Value  Global                              Global Defined In Module
      -----  --------------------------------   ------------------------
C:   00000035  __mcs51_genRAMCLEAR                
C:   0000003B  __mcs51_genXRAMCLEAR               

ASxxxx Linker V03.00 + NoICE + sdld,  page 30.
Hexadecimal  [32-Bits]

Area                                    Addr        Size        Decimal Bytes (Attributes)
--------------------------------        ----        ----        ------- ----- ------------
GSINIT                              0000005F    00000021 =          33. bytes (REL,CON,CODE)

      Value  Global                              Global Defined In Module
      -----  --------------------------------   ------------------------
C:   0000005F  A$pong$1315                        pong
C:   0000005F  C$pong.c$39$1$78                   pong
C:   00000062  A$pong$1318                        pong
C:   00000062  C$pong.c$41$1$78                   pong
C:   00000065  A$pong$1321                        pong
C:   00000065  C$pong.c$42$1$78                   pong
C:   00000068  A$pong$1324                        pong
C:   00000068  C$pong.c$44$1$78                   pong
C:   0000006B  A$pong$1327                        pong
C:   0000006B  C$pong.c$45$1$78                   pong
C:   0000006E  A$pong$1330                        pong
C:   0000006E  C$pong.c$47$1$78                   pong
C:   00000071  A$pong$1333                        pong
C:   00000071  C$pong.c$49$1$78                   pong
C:   00000074  A$pong$1336                        pong
C:   00000074  C$pong.c$51$1$78                   pong
C:   00000077  A$pong$1339                        pong
C:   00000077  C$pong.c$52$1$78                   pong
C:   0000007A  A$pong$1342                        pong
C:   0000007A  C$pong.c$54$1$78                   pong
C:   0000007D  A$pong$1345                        pong
C:   0000007D  C$pong.c$55$1$78                   pong

ASxxxx Linker V03.00 + NoICE + sdld,  page 31.
Hexadecimal  [32-Bits]

Area                                    Addr        Size        Decimal Bytes (Attributes)
--------------------------------        ----        ----        ------- ----- ------------
GSFINAL                             00000080    00000003 =           3. bytes (REL,CON,CODE)

      Value  Global                              Global Defined In Module
      -----  --------------------------------   ------------------------
C:   00000080  A$pong$1347                        pong

ASxxxx Linker V03.00 + NoICE + sdld,  page 32.
Hexadecimal  [32-Bits]

Area                                    Addr        Size        Decimal Bytes (Attributes)
--------------------------------        ----        ----        ------- ----- ------------
CSEG                                00000083    00000ADA =        2778. bytes (REL,CON,CODE)

      Value  Global                              Global Defined In Module
      -----  --------------------------------   ------------------------
C:   00000083  A$pong$1380                        pong
C:   00000083  C$putget.h$20$0$0                  pong
C:   00000083  G$putchar$0$0                      pong
C:   00000083  _putchar                           pong
C:   00000085  A$pong$1386                        pong
C:   00000085  C$putget.h$22$1$15                 pong
C:   00000085  C$putget.h$23$1$15                 pong
C:   00000088  A$pong$1387                        pong
C:   0000008A  A$pong$1391                        pong
C:   0000008A  C$putget.h$24$1$15                 pong
C:   0000008C  A$pong$1394                        pong
C:   0000008C  C$putget.h$25$1$15                 pong
C:   0000008C  XG$putchar$0$0                     pong
C:   0000008D  A$pong$1412                        pong
C:   0000008D  C$putget.h$30$1$15                 pong
C:   0000008D  C$putget.h$33$1$17                 pong
C:   0000008D  C$putget.h$34$1$17                 pong
C:   0000008D  G$getchar$0$0                      pong
C:   0000008D  _getchar                           pong
C:   00000090  A$pong$1413                        pong
C:   00000092  A$pong$1417                        pong
C:   00000092  C$putget.h$35$1$17                 pong
C:   00000094  A$pong$1420                        pong
C:   00000094  C$putget.h$38$1$17                 pong
C:   00000097  A$pong$1423                        pong
C:   00000097  C$putget.h$39$1$17                 pong
C:   00000097  XG$getchar$0$0                     pong
C:   00000098  A$pong$1439                        pong
C:   00000098  C$pong.c$60$1$17                   pong
C:   00000098  C$pong.c$66$1$48                   pong
C:   00000098  G$main$0$0                         pong
C:   00000098  _main                              pong
C:   0000009B  A$pong$1442                        pong
C:   0000009B  C$pong.c$67$1$48                   pong
C:   0000009E  A$pong$1445                        pong
C:   0000009E  C$pong.c$69$1$48                   pong
C:   000000A1  A$pong$1448                        pong
C:   000000A1  C$pong.c$70$1$48                   pong
C:   000000A4  A$pong$1451                        pong
C:   000000A4  C$pong.c$71$1$48                   pong
C:   000000A7  A$pong$1454                        pong
C:   000000A7  C$pong.c$73$1$48                   pong
C:   000000AA  A$pong$1457                        pong
C:   000000AA  C$pong.c$75$1$48                   pong
C:   000000AD  A$pong$1460                        pong
C:   000000AD  C$pong.c$76$1$48                   pong
C:   000000B0  A$pong$1466                        pong
C:   000000B0  C$pong.c$78$1$48                   pong
C:   000000B0  C$pong.c$80$2$49                   pong
C:   000000B3  A$pong$1469                        pong
ASxxxx Linker V03.00 + NoICE + sdld,  page 33.
Hexadecimal  [32-Bits]

Area                                    Addr        Size        Decimal Bytes (Attributes)
--------------------------------        ----        ----        ------- ----- ------------
CSEG                                00000083    00000ADA =        2778. bytes (REL,CON,CODE)

      Value  Global                              Global Defined In Module
      -----  --------------------------------   ------------------------
C:   000000B3  C$pong.c$81$2$49                   pong
C:   000000B6  A$pong$1472                        pong
C:   000000B6  C$pong.c$82$2$49                   pong
C:   000000B9  A$pong$1473                        pong
C:   000000BB  A$pong$1476                        pong
C:   000000BB  C$pong.c$84$1$48                   pong
C:   000000BB  XG$main$0$0                        pong
C:   000000BC  A$pong$1492                        pong
C:   000000BC  C$pong.c$92$1$48                   pong
C:   000000BC  C$pong.c$97$1$51                   pong
C:   000000BC  G$SYSCLK_INIT$0$0                  pong
C:   000000BC  _SYSCLK_INIT                       pong
C:   000000BE  A$pong$1495                        pong
C:   000000BE  C$pong.c$99$1$51                   pong
C:   000000C1  A$pong$1498                        pong
C:   000000C1  C$pong.c$100$1$51                  pong
C:   000000C4  A$pong$1501                        pong
C:   000000C4  C$pong.c$101$1$51                  pong
C:   000000C6  A$pong$1502                        pong
C:   000000C8  A$pong$1504                        pong
C:   000000C9  A$pong$1505                        pong
C:   000000CC  A$pong$1506                        pong
C:   000000CD  A$pong$1508                        pong
C:   000000CE  A$pong$1509                        pong
C:   000000CF  A$pong$1510                        pong
C:   000000D1  A$pong$1514                        pong
C:   000000D1  C$pong.c$102$1$51                  pong
C:   000000D3  A$pong$1515                        pong
C:   000000D6  A$pong$1518                        pong
C:   000000D6  C$pong.c$103$1$51                  pong
C:   000000D9  A$pong$1521                        pong
C:   000000D9  C$pong.c$104$1$51                  pong
C:   000000DC  A$pong$1524                        pong
C:   000000DC  C$pong.c$106$1$51                  pong
C:   000000DF  A$pong$1527                        pong
C:   000000DF  C$pong.c$107$1$51                  pong
C:   000000E2  A$pong$1530                        pong
C:   000000E2  C$pong.c$108$1$51                  pong
C:   000000E5  A$pong$1533                        pong
C:   000000E5  C$pong.c$109$1$51                  pong
C:   000000E8  A$pong$1536                        pong
C:   000000E8  C$pong.c$110$1$51                  pong
C:   000000EB  A$pong$1539                        pong
C:   000000EB  C$pong.c$111$1$51                  pong
C:   000000EE  A$pong$1542                        pong
C:   000000EE  C$pong.c$112$1$51                  pong
C:   000000F1  A$pong$1545                        pong
C:   000000F1  C$pong.c$113$1$51                  pong
C:   000000F4  A$pong$1548                        pong
C:   000000F4  C$pong.c$114$1$51                  pong
C:   000000F7  A$pong$1551                        pong
ASxxxx Linker V03.00 + NoICE + sdld,  page 34.
Hexadecimal  [32-Bits]

Area                                    Addr        Size        Decimal Bytes (Attributes)
--------------------------------        ----        ----        ------- ----- ------------
CSEG                                00000083    00000ADA =        2778. bytes (REL,CON,CODE)

      Value  Global                              Global Defined In Module
      -----  --------------------------------   ------------------------
C:   000000F7  C$pong.c$115$1$51                  pong
C:   000000F9  A$pong$1552                        pong
C:   000000FB  A$pong$1554                        pong
C:   000000FC  A$pong$1555                        pong
C:   000000FF  A$pong$1556                        pong
C:   00000100  A$pong$1558                        pong
C:   00000101  A$pong$1559                        pong
C:   00000102  A$pong$1560                        pong
C:   00000104  A$pong$1563                        pong
C:   00000104  C$pong.c$116$1$51                  pong
C:   00000107  A$pong$1567                        pong
C:   00000107  C$pong.c$117$1$51                  pong
C:   00000109  A$pong$1568                        pong
C:   0000010C  A$pong$1571                        pong
C:   0000010C  C$pong.c$118$1$51                  pong
C:   0000010F  A$pong$1574                        pong
C:   0000010F  C$pong.c$120$1$51                  pong
C:   00000111  A$pong$1577                        pong
C:   00000111  C$pong.c$121$1$51                  pong
C:   00000111  XG$SYSCLK_INIT$0$0                 pong
C:   00000112  A$pong$1592                        pong
C:   00000112  C$pong.c$129$1$51                  pong
C:   00000112  C$pong.c$133$1$53                  pong
C:   00000112  G$PORT_INIT$0$0                    pong
C:   00000112  _PORT_INIT                         pong
C:   00000114  A$pong$1595                        pong
C:   00000114  C$pong.c$135$1$53                  pong
C:   00000117  A$pong$1598                        pong
C:   00000117  C$pong.c$136$1$53                  pong
C:   0000011A  A$pong$1601                        pong
C:   0000011A  C$pong.c$137$1$53                  pong
C:   0000011D  A$pong$1604                        pong
C:   0000011D  C$pong.c$138$1$53                  pong
C:   00000120  A$pong$1607                        pong
C:   00000120  C$pong.c$139$1$53                  pong
C:   00000123  A$pong$1610                        pong
C:   00000123  C$pong.c$140$1$53                  pong
C:   00000126  A$pong$1613                        pong
C:   00000126  C$pong.c$142$1$53                  pong
C:   00000128  A$pong$1616                        pong
C:   00000128  C$pong.c$143$1$53                  pong
C:   00000128  XG$PORT_INIT$0$0                   pong
C:   00000129  A$pong$1631                        pong
C:   00000129  C$pong.c$151$1$53                  pong
C:   00000129  C$pong.c$155$1$55                  pong
C:   00000129  G$UART0_INIT$0$0                   pong
C:   00000129  _UART0_INIT                        pong
C:   0000012B  A$pong$1634                        pong
C:   0000012B  C$pong.c$157$1$55                  pong
C:   0000012E  A$pong$1637                        pong
C:   0000012E  C$pong.c$158$1$55                  pong
ASxxxx Linker V03.00 + NoICE + sdld,  page 35.
Hexadecimal  [32-Bits]

Area                                    Addr        Size        Decimal Bytes (Attributes)
--------------------------------        ----        ----        ------- ----- ------------
CSEG                                00000083    00000ADA =        2778. bytes (REL,CON,CODE)

      Value  Global                              Global Defined In Module
      -----  --------------------------------   ------------------------
C:   00000131  A$pong$1640                        pong
C:   00000131  C$pong.c$159$1$55                  pong
C:   00000134  A$pong$1643                        pong
C:   00000134  C$pong.c$160$1$55                  pong
C:   00000137  A$pong$1646                        pong
C:   00000137  C$pong.c$161$1$55                  pong
C:   0000013A  A$pong$1649                        pong
C:   0000013A  C$pong.c$162$1$55                  pong
C:   0000013D  A$pong$1652                        pong
C:   0000013D  C$pong.c$163$1$55                  pong
C:   0000013F  A$pong$1655                        pong
C:   0000013F  C$pong.c$165$1$55                  pong
C:   00000142  A$pong$1658                        pong
C:   00000142  C$pong.c$166$1$55                  pong
C:   00000145  A$pong$1661                        pong
C:   00000145  C$pong.c$167$1$55                  pong
C:   00000148  A$pong$1664                        pong
C:   00000148  C$pong.c$168$1$55                  pong
C:   0000014A  A$pong$1667                        pong
C:   0000014A  C$pong.c$170$1$55                  pong
C:   0000014C  A$pong$1670                        pong
C:   0000014C  C$pong.c$171$1$55                  pong
C:   0000014C  XG$UART0_INIT$0$0                  pong
C:   0000014D  A$pong$1691                        pong
C:   0000014D  C$pong.c$173$1$55                  pong
C:   0000014D  C$pong.c$180$1$56                  pong
C:   0000014D  G$updateBall$0$0                   pong
C:   0000014D  _updateBall                        pong
C:   00000150  A$pong$1692                        pong
C:   00000152  A$pong$1693                        pong
C:   00000153  A$pong$1694                        pong
C:   00000155  A$pong$1695                        pong
C:   00000156  A$pong$1698                        pong
C:   00000156  C$pong.c$181$1$56                  pong
C:   00000159  A$pong$1699                        pong
C:   0000015B  A$pong$1700                        pong
C:   0000015C  A$pong$1701                        pong
C:   0000015E  A$pong$1702                        pong
C:   00000160  A$pong$1703                        pong
C:   00000161  A$pong$1704                        pong
C:   00000162  A$pong$1707                        pong
C:   00000162  C$pong.c$183$1$56                  pong
C:   00000165  A$pong$1708                        pong
C:   00000167  A$pong$1709                        pong
C:   00000168  A$pong$1710                        pong
C:   0000016A  A$pong$1711                        pong
C:   0000016B  A$pong$1714                        pong
C:   0000016B  C$pong.c$184$1$56                  pong
C:   0000016E  A$pong$1715                        pong
C:   00000170  A$pong$1716                        pong
C:   00000171  A$pong$1717                        pong
ASxxxx Linker V03.00 + NoICE + sdld,  page 36.
Hexadecimal  [32-Bits]

Area                                    Addr        Size        Decimal Bytes (Attributes)
--------------------------------        ----        ----        ------- ----- ------------
CSEG                                00000083    00000ADA =        2778. bytes (REL,CON,CODE)

      Value  Global                              Global Defined In Module
      -----  --------------------------------   ------------------------
C:   00000173  A$pong$1718                        pong
C:   00000175  A$pong$1719                        pong
C:   00000176  A$pong$1720                        pong
C:   00000177  A$pong$1723                        pong
C:   00000177  C$pong.c$187$1$56                  pong
C:   0000017A  A$pong$1724                        pong
C:   0000017D  A$pong$1725                        pong
C:   00000180  A$pong$1726                        pong
C:   00000183  A$pong$1727                        pong
C:   00000186  A$pong$1728                        pong
C:   00000188  A$pong$1729                        pong
C:   0000018A  A$pong$1730                        pong
C:   0000018C  A$pong$1731                        pong
C:   0000018E  A$pong$1732                        pong
C:   00000191  A$pong$1733                        pong
C:   00000193  A$pong$1734                        pong
C:   00000195  A$pong$1735                        pong
C:   00000197  A$pong$1736                        pong
C:   00000199  A$pong$1739                        pong
C:   00000199  C$pong.c$189$1$56                  pong
C:   0000019B  A$pong$1742                        pong
C:   0000019B  C$pong.c$190$1$56                  pong
C:   0000019D  A$pong$1745                        pong
C:   0000019D  C$pong.c$191$1$56                  pong
C:   0000019F  A$pong$1748                        pong
C:   0000019F  C$pong.c$192$1$56                  pong
C:   000001A1  A$pong$1751                        pong
C:   000001A1  C$pong.c$194$1$56                  pong
C:   000001A3  A$pong$1752                        pong
C:   000001A5  A$pong$1753                        pong
C:   000001A7  A$pong$1754                        pong
C:   000001A9  A$pong$1755                        pong
C:   000001AB  A$pong$1756                        pong
C:   000001AD  A$pong$1757                        pong
C:   000001B0  A$pong$1758                        pong
C:   000001B2  A$pong$1759                        pong
C:   000001B4  A$pong$1760                        pong
C:   000001B6  A$pong$1763                        pong
C:   000001B6  C$pong.c$195$1$56                  pong
[...]
C:   00000319  A$pong$2042                        pong
C:   0000031C  A$pong$2043                        pong
C:   0000031E  A$pong$2044                        pong
ASxxxx Linker V03.00 + NoICE + sdld,  page 41.
Hexadecimal  [32-Bits]

Area                                    Addr        Size        Decimal Bytes (Attributes)
--------------------------------        ----        ----        ------- ----- ------------
CSEG                                00000083    00000ADA =        2778. bytes (REL,CON,CODE)

      Value  Global                              Global Defined In Module
      -----  --------------------------------   ------------------------
C:   00000320  A$pong$2045                        pong
C:   00000322  A$pong$2046                        pong
C:   00000324  A$pong$2050                        pong
C:   00000324  C$pong.c$263$2$72                  pong
C:   00000326  A$pong$2051                        pong
C:   00000328  A$pong$2052                        pong
C:   0000032A  A$pong$2053                        pong
C:   0000032C  A$pong$2054                        pong
C:   0000032E  A$pong$2055                        pong
C:   00000330  A$pong$2056                        pong
C:   00000332  A$pong$2057                        pong
C:   00000335  A$pong$2058                        pong
C:   00000337  A$pong$2059                        pong
C:   00000339  A$pong$2060                        pong
C:   0000033B  A$pong$2063                        pong
C:   0000033B  C$pong.c$264$2$72                  pong
C:   0000033D  A$pong$2064                        pong
C:   0000033F  A$pong$2065                        pong
C:   00000341  A$pong$2066                        pong
C:   00000343  A$pong$2067                        pong
C:   00000345  A$pong$2068                        pong
C:   00000347  A$pong$2069                        pong
C:   0000034A  A$pong$2070                        pong
C:   0000034C  A$pong$2071                        pong
C:   0000034E  A$pong$2072                        pong
C:   00000350  A$pong$2073                        pong
C:   00000352  A$pong$2076                        pong
C:   00000352  C$pong.c$265$2$72                  pong
C:   00000353  A$pong$2077                        pong
C:   00000354  A$pong$2078                        pong
C:   00000356  A$pong$2079                        pong
C:   00000358  A$pong$2080                        pong
C:   0000035A  A$pong$2081                        pong
C:   0000035C  A$pong$2082                        pong
C:   0000035E  A$pong$2083                        pong
C:   0000035F  A$pong$2084                        pong
C:   00000360  A$pong$2085                        pong
C:   00000361  A$pong$2086                        pong
C:   00000362  A$pong$2087                        pong
C:   00000363  A$pong$2088                        pong
C:   00000365  A$pong$2089                        pong
C:   00000367  A$pong$2090                        pong
C:   00000368  A$pong$2091                        pong
C:   00000369  A$pong$2092                        pong
C:   0000036A  A$pong$2093                        pong
C:   0000036B  A$pong$2094                        pong
C:   0000036D  A$pong$2095                        pong
C:   0000036F  A$pong$2096                        pong
C:   00000372  A$pong$2097                        pong
C:   00000374  A$pong$2098                        pong
C:   00000376  A$pong$2101                        pong
ASxxxx Linker V03.00 + NoICE + sdld,  page 42.
Hexadecimal  [32-Bits]

Area                                    Addr        Size        Decimal Bytes (Attributes)
--------------------------------        ----        ----        ------- ----- ------------
CSEG                                00000083    00000ADA =        2778. bytes (REL,CON,CODE)

      Value  Global                              Global Defined In Module
      -----  --------------------------------   ------------------------
C:   00000376  C$pong.c$266$3$74                  pong
C:   00000378  A$pong$2102                        pong
C:   0000037A  A$pong$2103                        pong
C:   0000037C  A$pong$2104                        pong
C:   0000037E  A$pong$2105                        pong
C:   00000380  A$pong$2106                        pong
C:   00000382  A$pong$2107                        pong
C:   00000384  A$pong$2108                        pong
C:   00000386  A$pong$2109                        pong
C:   00000388  A$pong$2110                        pong
C:   0000038A  A$pong$2111                        pong
C:   0000038C  A$pong$2112                        pong
C:   0000038F  A$pong$2113                        pong
C:   00000391  A$pong$2114                        pong
C:   00000393  A$pong$2115                        pong
C:   00000395  A$pong$2116                        pong
C:   00000397  A$pong$2117                        pong
C:   00000399  A$pong$2121                        pong
C:   00000399  C$pong.c$268$3$75                  pong
C:   0000039B  A$pong$2122                        pong
C:   0000039D  A$pong$2123                        pong
C:   0000039F  A$pong$2124                        pong
C:   000003A1  A$pong$2125                        pong
C:   000003A3  A$pong$2126                        pong
C:   000003A5  A$pong$2127                        pong
C:   000003A7  A$pong$2128                        pong
C:   000003AA  A$pong$2129                        pong
C:   000003AC  A$pong$2130                        pong
C:   000003AE  A$pong$2131                        pong
C:   000003B0  A$pong$2132                        pong
C:   000003B2  A$pong$2136                        pong
C:   000003B2  C$pong.c$259$1$67                  pong
C:   000003B3  A$pong$2137                        pong
C:   000003B6  A$pong$2141                        pong
C:   000003B6  C$pong.c$271$1$67                  pong
C:   000003B6  XG$printPlayers$0$0                pong
C:   000003B7  A$pong$2156                        pong
C:   000003B7  C$pong.c$273$1$67                  pong
C:   000003B7  C$pong.c$276$1$76                  pong
C:   000003B7  G$printBorder$0$0                  pong
C:   000003B7  _printBorder                       pong
C:   000003B9  A$pong$2157                        pong
C:   000003BB  A$pong$2158                        pong
C:   000003BD  A$pong$2159                        pong
C:   000003BF  A$pong$2160                        pong
C:   000003C1  A$pong$2161                        pong
C:   000003C3  A$pong$2162                        pong
C:   000003C6  A$pong$2163                        pong
C:   000003C8  A$pong$2164                        pong
C:   000003CA  A$pong$2165                        pong
C:   000003CC  A$pong$2168                        pong
ASxxxx Linker V03.00 + NoICE + sdld,  page 43.
Hexadecimal  [32-Bits]

Area                                    Addr        Size        Decimal Bytes (Attributes)
--------------------------------        ----        ----        ------- ----- ------------
CSEG                                00000083    00000ADA =        2778. bytes (REL,CON,CODE)

      Value  Global                              Global Defined In Module
      -----  --------------------------------   ------------------------
C:   000003CC  C$pong.c$277$1$76                  pong
C:   000003CE  A$pong$2169                        pong
C:   000003D0  A$pong$2170                        pong
C:   000003D2  A$pong$2171                        pong
C:   000003D4  A$pong$2172                        pong
C:   000003D6  A$pong$2173                        pong
C:   000003D8  A$pong$2174                        pong
C:   000003DB  A$pong$2175                        pong
C:   000003DD  A$pong$2176                        pong
C:   000003DF  A$pong$2177                        pong
C:   000003E1  A$pong$2180                        pong
C:   000003E1  C$pong.c$308$1$76                  pong
C:   000003E3  A$pong$2181                        pong
C:   000003E5  A$pong$2182                        pong
C:   000003E7  A$pong$2183                        pong
C:   000003E9  A$pong$2184                        pong
C:   000003EB  A$pong$2185                        pong
C:   000003ED  A$pong$2186                        pong
C:   000003F0  A$pong$2187                        pong
C:   000003F2  A$pong$2188                        pong
C:   000003F4  A$pong$2189                        pong
C:   000003F6  A$pong$2192                        pong
C:   000003F8  A$pong$2194                        pong
C:   000003F9  A$pong$2195                        pong
C:   000003FA  A$pong$2196                        pong
C:   000003FC  A$pong$2197                        pong
C:   000003FE  A$pong$2200                        pong
C:   000003FE  C$pong.c$310$2$77                  pong
C:   00000400  A$pong$2201                        pong
C:   00000402  A$pong$2202                        pong
C:   00000404  A$pong$2203                        pong
C:   00000406  A$pong$2204                        pong
C:   00000408  A$pong$2205                        pong
C:   0000040A  A$pong$2206                        pong
C:   0000040C  A$pong$2207                        pong
C:   0000040F  A$pong$2208                        pong
C:   00000411  A$pong$2209                        pong
C:   00000413  A$pong$2210                        pong
C:   00000415  A$pong$2213                        pong
C:   00000415  C$pong.c$311$2$77                  pong
C:   00000417  A$pong$2214                        pong
C:   00000419  A$pong$2215                        pong
C:   0000041B  A$pong$2216                        pong
C:   0000041D  A$pong$2217                        pong
C:   0000041F  A$pong$2218                        pong
C:   00000421  A$pong$2219                        pong
C:   00000424  A$pong$2220                        pong
C:   00000426  A$pong$2221                        pong
C:   00000428  A$pong$2222                        pong
C:   0000042A  A$pong$2223                        pong
C:   0000042C  A$pong$2226                        pong
ASxxxx Linker V03.00 + NoICE + sdld,  page 44.
Hexadecimal  [32-Bits]

Area                                    Addr        Size        Decimal Bytes (Attributes)
--------------------------------        ----        ----        ------- ----- ------------
CSEG                                00000083    00000ADA =        2778. bytes (REL,CON,CODE)

      Value  Global                              Global Defined In Module
      -----  --------------------------------   ------------------------
C:   0000042C  C$pong.c$309$1$76                  pong
C:   0000042D  A$pong$2227                        pong
C:   0000042F  A$pong$2231                        pong
C:   0000042F  C$pong.c$313$1$76                  pong
C:   00000431  A$pong$2232                        pong
C:   00000433  A$pong$2233                        pong
C:   00000435  A$pong$2234                        pong
C:   00000437  A$pong$2235                        pong
C:   00000439  A$pong$2236                        pong
C:   0000043B  A$pong$2237                        pong
C:   0000043E  A$pong$2238                        pong
C:   00000440  A$pong$2239                        pong
C:   00000442  A$pong$2240                        pong
C:   00000444  A$pong$2243                        pong
C:   00000444  C$pong.c$315$1$76                  pong
C:   00000447  A$pong$2246                        pong
C:   00000447  C$pong.c$318$1$76                  pong
C:   00000449  A$pong$2247                        pong
C:   0000044B  A$pong$2248                        pong
C:   0000044D  A$pong$2249                        pong
C:   0000044F  A$pong$2250                        pong
C:   00000451  A$pong$2251                        pong
C:   00000453  A$pong$2252                        pong
C:   00000456  A$pong$2253                        pong
C:   00000458  A$pong$2254                        pong
C:   0000045A  A$pong$2255                        pong
C:   0000045C  A$pong$2258                        pong
C:   0000045C  C$pong.c$326$1$76                  pong
C:   0000045C  XG$printBorder$0$0                 pong
C:   0000045D  A$pong$2271                        pong
C:   0000045D  C$pong.c$328$1$76                  pong
C:   0000045D  C$pong.c$330$1$78                  pong
C:   0000045D  G$updateScore$0$0                  pong
C:   0000045D  _updateScore                       pong
C:   0000045F  A$pong$2272                        pong
C:   00000461  A$pong$2273                        pong
C:   00000463  A$pong$2274                        pong
C:   00000465  A$pong$2275                        pong
C:   00000467  A$pong$2276                        pong
C:   00000469  A$pong$2277                        pong
C:   0000046C  A$pong$2278                        pong
C:   0000046E  A$pong$2279                        pong
C:   00000470  A$pong$2280                        pong
C:   00000472  A$pong$2283                        pong
C:   00000472  C$pong.c$331$1$78                  pong
C:   00000474  A$pong$2284                        pong
C:   00000476  A$pong$2285                        pong
C:   00000478  A$pong$2286                        pong
C:   0000047A  A$pong$2287                        pong
C:   0000047C  A$pong$2288                        pong
C:   0000047E  A$pong$2289                        pong
ASxxxx Linker V03.00 + NoICE + sdld,  page 45.
Hexadecimal  [32-Bits]

Area                                    Addr        Size        Decimal Bytes (Attributes)
--------------------------------        ----        ----        ------- ----- ------------
CSEG                                00000083    00000ADA =        2778. bytes (REL,CON,CODE)

      Value  Global                              Global Defined In Module
      -----  --------------------------------   ------------------------
C:   00000480  A$pong$2290                        pong
C:   00000482  A$pong$2291                        pong
C:   00000484  A$pong$2292                        pong
C:   00000486  A$pong$2293                        pong
C:   00000489  A$pong$2294                        pong
C:   0000048B  A$pong$2295                        pong
C:   0000048D  A$pong$2296                        pong
C:   0000048F  A$pong$2299                        pong
C:   0000048F  C$pong.c$334$1$78                  pong
C:   00000491  A$pong$2300                        pong
C:   00000493  A$pong$2301                        pong
C:   00000495  A$pong$2302                        pong
C:   00000497  A$pong$2303                        pong
C:   00000499  A$pong$2304                        pong
C:   0000049B  A$pong$2305                        pong
C:   0000049E  A$pong$2306                        pong
C:   000004A0  A$pong$2307                        pong
C:   000004A2  A$pong$2308                        pong
C:   000004A4  A$pong$2311                        pong
C:   000004A4  C$pong.c$335$1$78                  pong
C:   000004A6  A$pong$2312                        pong
C:   000004A8  A$pong$2313                        pong
C:   000004AA  A$pong$2314                        pong
C:   000004AC  A$pong$2315                        pong
C:   000004AE  A$pong$2316                        pong
C:   000004B0  A$pong$2317                        pong
C:   000004B2  A$pong$2318                        pong
C:   000004B4  A$pong$2319                        pong
C:   000004B6  A$pong$2320                        pong
C:   000004B8  A$pong$2321                        pong
C:   000004BB  A$pong$2322                        pong
C:   000004BD  A$pong$2323                        pong
C:   000004BF  A$pong$2324                        pong
C:   000004C1  A$pong$2327                        pong
C:   000004C1  C$pong.c$336$1$78                  pong
C:   000004C1  XG$updateScore$0$0                 pong
C:   000004C2  A$pong$2342                        pong
C:   000004C2  C$pong.c$338$1$78                  pong
C:   000004C2  C$pong.c$341$1$78                  pong
C:   000004C2  G$printWinner$0$0                  pong
C:   000004C2  XG$printWinner$0$0                 pong
C:   000004C2  _printWinner                       pong
C:   000004C3  _strcpy                            _strcpy
C:   00000503  __gptrput                          _gptrput
C:   00000529  _vprintf                           vprintf
C:   00000542  _printf                            vprintf
C:   00000619  __print_format                     printf_large
C:   00000B25  _strlen                            _strlen
C:   00000B3D  __gptrget                          _gptrget
C:   00000B59  __sdcc_external_startup            _startup

ASxxxx Linker V03.00 + NoICE + sdld,  page 46.
Hexadecimal  [32-Bits]

Area                                    Addr        Size        Decimal Bytes (Attributes)
--------------------------------        ----        ----        ------- ----- ------------
CONST                               00000B5D    00000075 =         117. bytes (REL,CON,CODE)

      Value  Global                              Global Defined In Module
      -----  --------------------------------   ------------------------
C:   00000B5D  Fpong$__str_0$0$0                  pong
C:   00000B66  Fpong$__str_1$0$0                  pong
C:   00000B6B  Fpong$__str_2$0$0                  pong
C:   00000B72  Fpong$__str_3$0$0                  pong
C:   00000B74  Fpong$__str_4$0$0                  pong
C:   00000B76  Fpong$__str_5$0$0                  pong
C:   00000B7B  Fpong$__str_6$0$0                  pong
C:   00000B7E  Fpong$__str_7$0$0                  pong
C:   00000B80  Fpong$__str_8$0$0                  pong
C:   00000B88  Fpong$__str_9$0$0                  pong
C:   00000B8E  Fpong$__str_10$0$0                 pong
C:   00000B97  Fpong$__str_11$0$0                 pong
C:   00000B9C  Fpong$__str_12$0$0                 pong
C:   00000BA4  Fpong$__str_13$0$0                 pong
C:   00000BA8  Fpong$__str_14$0$0                 pong
C:   00000BAE  Fpong$__str_15$0$0                 pong
C:   00000BB0  Fpong$__str_16$0$0                 pong
C:   00000BB7  Fpong$__str_17$0$0                 pong
C:   00000BBF  Fpong$__str_18$0$0                 pong

ASxxxx Linker V03.00 + NoICE + sdld,  page 47.

Files Linked                              [ module(s) ]

C:\Users\John\Documents\MPS\lab1\pong.rel
                                          [  ]


Libraries Linked                          [ object file ]

C:\Program Files (x86)\SDCC\bin\..\lib\small/libsdcc.lib
                                          [ _strcpy.rel ]
C:\Program Files (x86)\SDCC\bin\..\lib\small/mcs51.lib
                                          [ crtclear.rel ]
C:\Program Files (x86)\SDCC\bin\..\lib\small/mcs51.lib
                                          [ crtxinit.rel ]
C:\Program Files (x86)\SDCC\bin\..\lib\small/libsdcc.lib
                                          [ _gptrput.rel ]
C:\Program Files (x86)\SDCC\bin\..\lib\small/mcs51.lib
                                          [ crtxclear.rel ]
C:\Program Files (x86)\SDCC\bin\..\lib\small/libsdcc.lib
                                          [ vprintf.rel ]
C:\Program Files (x86)\SDCC\bin\..\lib\small/libsdcc.lib
                                          [ printf_large.rel ]
C:\Program Files (x86)\SDCC\bin\..\lib\small/libsdcc.lib
                                          [ _strlen.rel ]
C:\Program Files (x86)\SDCC\bin\..\lib\small/mcs51.lib
                                          [ crtstart.rel ]
C:\Program Files (x86)\SDCC\bin\..\lib\small/libsdcc.lib
                                          [ _gptrget.rel ]
C:\Program Files (x86)\SDCC\bin\..\lib\small/libsdcc.lib
                                          [ _startup.rel ]
C:\Program Files (x86)\SDCC\bin\..\lib\small/libsdcc.lib
                                          [ _bp.rel ]

ASxxxx Linker V03.00 + NoICE + sdld,  page 48.

User Base Address Definitions

HOME = 0x0000
XSEG = 0x0001
PSEG = 0x0001
ISEG = 0x0000
BSEG = 0x0000

