                                      1 ;--------------------------------------------------------
                                      2 ; File Created by SDCC : free open source ANSI-C Compiler
                                      3 ; Version 3.6.0 #9615 (MINGW32)
                                      4 ;--------------------------------------------------------
                                      5 	.module putget
                                      6 	.optsdcc -mmcs51 --model-small
                                      7 	
                                      8 ;--------------------------------------------------------
                                      9 ; Public variables in this module
                                     10 ;--------------------------------------------------------
                                     11 	.globl _getchar
                                     12 	.globl _putchar
                                     13 	.globl _P7_7
                                     14 	.globl _P7_6
                                     15 	.globl _P7_5
                                     16 	.globl _P7_4
                                     17 	.globl _P7_3
                                     18 	.globl _P7_2
                                     19 	.globl _P7_1
                                     20 	.globl _P7_0
                                     21 	.globl _SPIF
                                     22 	.globl _WCOL
                                     23 	.globl _MODF
                                     24 	.globl _RXOVRN
                                     25 	.globl _NSSMD1
                                     26 	.globl _NSSMD0
                                     27 	.globl _TXBMT
                                     28 	.globl _SPIEN
                                     29 	.globl _P6_7
                                     30 	.globl _P6_6
                                     31 	.globl _P6_5
                                     32 	.globl _P6_4
                                     33 	.globl _P6_3
                                     34 	.globl _P6_2
                                     35 	.globl _P6_1
                                     36 	.globl _P6_0
                                     37 	.globl _AD2EN
                                     38 	.globl _AD2TM
                                     39 	.globl _AD2INT
                                     40 	.globl _AD2BUSY
                                     41 	.globl _AD2CM2
                                     42 	.globl _AD2CM1
                                     43 	.globl _AD2CM0
                                     44 	.globl _AD2WINT
                                     45 	.globl _AD0EN
                                     46 	.globl _AD0TM
                                     47 	.globl _AD0INT
                                     48 	.globl _AD0BUSY
                                     49 	.globl _AD0CM1
                                     50 	.globl _AD0CM0
                                     51 	.globl _AD0WINT
                                     52 	.globl _AD0LJST
                                     53 	.globl _P5_7
                                     54 	.globl _P5_6
                                     55 	.globl _P5_5
                                     56 	.globl _P5_4
                                     57 	.globl _P5_3
                                     58 	.globl _P5_2
                                     59 	.globl _P5_1
                                     60 	.globl _P5_0
                                     61 	.globl _CF
                                     62 	.globl _CR
                                     63 	.globl _CCF5
                                     64 	.globl _CCF4
                                     65 	.globl _CCF3
                                     66 	.globl _CCF2
                                     67 	.globl _CCF1
                                     68 	.globl _CCF0
                                     69 	.globl _CY
                                     70 	.globl _AC
                                     71 	.globl _F0
                                     72 	.globl _RS1
                                     73 	.globl _RS0
                                     74 	.globl _OV
                                     75 	.globl _F1
                                     76 	.globl _P
                                     77 	.globl _P4_7
                                     78 	.globl _P4_6
                                     79 	.globl _P4_5
                                     80 	.globl _P4_4
                                     81 	.globl _P4_3
                                     82 	.globl _P4_2
                                     83 	.globl _P4_1
                                     84 	.globl _P4_0
                                     85 	.globl _TF4
                                     86 	.globl _EXF4
                                     87 	.globl _EXEN4
                                     88 	.globl _TR4
                                     89 	.globl _CT4
                                     90 	.globl _CPRL4
                                     91 	.globl _TF3
                                     92 	.globl _EXF3
                                     93 	.globl _EXEN3
                                     94 	.globl _TR3
                                     95 	.globl _CT3
                                     96 	.globl _CPRL3
                                     97 	.globl _TF2
                                     98 	.globl _EXF2
                                     99 	.globl _EXEN2
                                    100 	.globl _TR2
                                    101 	.globl _CT2
                                    102 	.globl _CPRL2
                                    103 	.globl _MAC0HO
                                    104 	.globl _MAC0Z
                                    105 	.globl _MAC0SO
                                    106 	.globl _MAC0N
                                    107 	.globl _BUSY
                                    108 	.globl _ENSMB
                                    109 	.globl _STA
                                    110 	.globl _STO
                                    111 	.globl _SI
                                    112 	.globl _AA
                                    113 	.globl _SMBFTE
                                    114 	.globl _SMBTOE
                                    115 	.globl _PT2
                                    116 	.globl _PS
                                    117 	.globl _PS0
                                    118 	.globl _PT1
                                    119 	.globl _PX1
                                    120 	.globl _PT0
                                    121 	.globl _PX0
                                    122 	.globl _P3_7
                                    123 	.globl _P3_6
                                    124 	.globl _P3_5
                                    125 	.globl _P3_4
                                    126 	.globl _P3_3
                                    127 	.globl _P3_2
                                    128 	.globl _P3_1
                                    129 	.globl _P3_0
                                    130 	.globl _EA
                                    131 	.globl _ET2
                                    132 	.globl _ES
                                    133 	.globl _ES0
                                    134 	.globl _ET1
                                    135 	.globl _EX1
                                    136 	.globl _ET0
                                    137 	.globl _EX0
                                    138 	.globl _P2_7
                                    139 	.globl _P2_6
                                    140 	.globl _P2_5
                                    141 	.globl _P2_4
                                    142 	.globl _P2_3
                                    143 	.globl _P2_2
                                    144 	.globl _P2_1
                                    145 	.globl _P2_0
                                    146 	.globl _S1MODE
                                    147 	.globl _MCE1
                                    148 	.globl _REN1
                                    149 	.globl _TB81
                                    150 	.globl _RB81
                                    151 	.globl _TI1
                                    152 	.globl _RI1
                                    153 	.globl _SM00
                                    154 	.globl _SM10
                                    155 	.globl _SM20
                                    156 	.globl _REN
                                    157 	.globl _REN0
                                    158 	.globl _TB80
                                    159 	.globl _RB80
                                    160 	.globl _TI
                                    161 	.globl _TI0
                                    162 	.globl _RI
                                    163 	.globl _RI0
                                    164 	.globl _P1_7
                                    165 	.globl _P1_6
                                    166 	.globl _P1_5
                                    167 	.globl _P1_4
                                    168 	.globl _P1_3
                                    169 	.globl _P1_2
                                    170 	.globl _P1_1
                                    171 	.globl _P1_0
                                    172 	.globl _FLHBUSY
                                    173 	.globl _CP1EN
                                    174 	.globl _CP1OUT
                                    175 	.globl _CP1RIF
                                    176 	.globl _CP1FIF
                                    177 	.globl _CP1HYP1
                                    178 	.globl _CP1HYP0
                                    179 	.globl _CP1HYN1
                                    180 	.globl _CP1HYN0
                                    181 	.globl _CP0EN
                                    182 	.globl _CP0OUT
                                    183 	.globl _CP0RIF
                                    184 	.globl _CP0FIF
                                    185 	.globl _CP0HYP1
                                    186 	.globl _CP0HYP0
                                    187 	.globl _CP0HYN1
                                    188 	.globl _CP0HYN0
                                    189 	.globl _TF1
                                    190 	.globl _TR1
                                    191 	.globl _TF0
                                    192 	.globl _TR0
                                    193 	.globl _IE1
                                    194 	.globl _IT1
                                    195 	.globl _IE0
                                    196 	.globl _IT0
                                    197 	.globl _P0_7
                                    198 	.globl _P0_6
                                    199 	.globl _P0_5
                                    200 	.globl _P0_4
                                    201 	.globl _P0_3
                                    202 	.globl _P0_2
                                    203 	.globl _P0_1
                                    204 	.globl _P0_0
                                    205 	.globl _MAC0RND
                                    206 	.globl _MAC0ACC
                                    207 	.globl _MAC0A
                                    208 	.globl _RCAP4
                                    209 	.globl _TMR4
                                    210 	.globl _DAC1
                                    211 	.globl _RCAP3
                                    212 	.globl _TMR3
                                    213 	.globl _PCA0CP5
                                    214 	.globl _PCA0CP4
                                    215 	.globl _PCA0CP3
                                    216 	.globl _PCA0CP2
                                    217 	.globl _PCA0CP1
                                    218 	.globl _PCA0CP0
                                    219 	.globl _PCA0
                                    220 	.globl _DAC0
                                    221 	.globl _ADC0LT
                                    222 	.globl _ADC0GT
                                    223 	.globl _ADC0
                                    224 	.globl _RCAP2
                                    225 	.globl _TMR2
                                    226 	.globl _TMR1
                                    227 	.globl _TMR0
                                    228 	.globl _P7
                                    229 	.globl _P6
                                    230 	.globl _XBR2
                                    231 	.globl _XBR1
                                    232 	.globl _XBR0
                                    233 	.globl _P5
                                    234 	.globl _P4
                                    235 	.globl _FLACL
                                    236 	.globl _P1MDIN
                                    237 	.globl _P3MDOUT
                                    238 	.globl _P2MDOUT
                                    239 	.globl _P1MDOUT
                                    240 	.globl _P0MDOUT
                                    241 	.globl _CCH0LC
                                    242 	.globl _CCH0TN
                                    243 	.globl _CCH0CN
                                    244 	.globl _P7MDOUT
                                    245 	.globl _P6MDOUT
                                    246 	.globl _P5MDOUT
                                    247 	.globl _P4MDOUT
                                    248 	.globl _CCH0MA
                                    249 	.globl _CLKSEL
                                    250 	.globl _SFRPGCN
                                    251 	.globl _PLL0FLT
                                    252 	.globl _PLL0MUL
                                    253 	.globl _PLL0DIV
                                    254 	.globl _OSCXCN
                                    255 	.globl _OSCICL
                                    256 	.globl _OSCICN
                                    257 	.globl _PLL0CN
                                    258 	.globl _FLSTAT
                                    259 	.globl _MAC0RNDH
                                    260 	.globl _MAC0RNDL
                                    261 	.globl _MAC0CF
                                    262 	.globl _MAC0AH
                                    263 	.globl _MAC0AL
                                    264 	.globl _MAC0STA
                                    265 	.globl _MAC0OVR
                                    266 	.globl _MAC0ACC3
                                    267 	.globl _MAC0ACC2
                                    268 	.globl _MAC0ACC1
                                    269 	.globl _MAC0ACC0
                                    270 	.globl _MAC0BH
                                    271 	.globl _MAC0BL
                                    272 	.globl _ADC2CN
                                    273 	.globl _TMR4H
                                    274 	.globl _TMR4L
                                    275 	.globl _RCAP4H
                                    276 	.globl _RCAP4L
                                    277 	.globl _TMR4CF
                                    278 	.globl _TMR4CN
                                    279 	.globl _ADC2LT
                                    280 	.globl _ADC2GT
                                    281 	.globl _ADC2
                                    282 	.globl _ADC2CF
                                    283 	.globl _AMX2SL
                                    284 	.globl _AMX2CF
                                    285 	.globl _CPT1MD
                                    286 	.globl _CPT1CN
                                    287 	.globl _DAC1CN
                                    288 	.globl _DAC1H
                                    289 	.globl _DAC1L
                                    290 	.globl _TMR3H
                                    291 	.globl _TMR3L
                                    292 	.globl _RCAP3H
                                    293 	.globl _RCAP3L
                                    294 	.globl _TMR3CF
                                    295 	.globl _TMR3CN
                                    296 	.globl _SBUF1
                                    297 	.globl _SCON1
                                    298 	.globl _CPT0MD
                                    299 	.globl _CPT0CN
                                    300 	.globl _PCA0CPH1
                                    301 	.globl _PCA0CPL1
                                    302 	.globl _PCA0CPH0
                                    303 	.globl _PCA0CPL0
                                    304 	.globl _PCA0H
                                    305 	.globl _PCA0L
                                    306 	.globl _SPI0CN
                                    307 	.globl _RSTSRC
                                    308 	.globl _PCA0CPH4
                                    309 	.globl _PCA0CPL4
                                    310 	.globl _PCA0CPH3
                                    311 	.globl _PCA0CPL3
                                    312 	.globl _PCA0CPH2
                                    313 	.globl _PCA0CPL2
                                    314 	.globl _ADC0CN
                                    315 	.globl _PCA0CPH5
                                    316 	.globl _PCA0CPL5
                                    317 	.globl _PCA0CPM5
                                    318 	.globl _PCA0CPM4
                                    319 	.globl _PCA0CPM3
                                    320 	.globl _PCA0CPM2
                                    321 	.globl _PCA0CPM1
                                    322 	.globl _PCA0CPM0
                                    323 	.globl _PCA0MD
                                    324 	.globl _PCA0CN
                                    325 	.globl _DAC0CN
                                    326 	.globl _DAC0H
                                    327 	.globl _DAC0L
                                    328 	.globl _REF0CN
                                    329 	.globl _SMB0CR
                                    330 	.globl _TH2
                                    331 	.globl _TMR2H
                                    332 	.globl _TL2
                                    333 	.globl _TMR2L
                                    334 	.globl _RCAP2H
                                    335 	.globl _RCAP2L
                                    336 	.globl _TMR2CF
                                    337 	.globl _TMR2CN
                                    338 	.globl _ADC0LTH
                                    339 	.globl _ADC0LTL
                                    340 	.globl _ADC0GTH
                                    341 	.globl _ADC0GTL
                                    342 	.globl _SMB0ADR
                                    343 	.globl _SMB0DAT
                                    344 	.globl _SMB0STA
                                    345 	.globl _SMB0CN
                                    346 	.globl _ADC0H
                                    347 	.globl _ADC0L
                                    348 	.globl _ADC0CF
                                    349 	.globl _AMX0SL
                                    350 	.globl _AMX0CF
                                    351 	.globl _SADEN0
                                    352 	.globl _FLSCL
                                    353 	.globl _SADDR0
                                    354 	.globl _EMI0CF
                                    355 	.globl __XPAGE
                                    356 	.globl _EMI0CN
                                    357 	.globl _EMI0TC
                                    358 	.globl _SPI0CKR
                                    359 	.globl _SPI0DAT
                                    360 	.globl _SPI0CFG
                                    361 	.globl _SBUF
                                    362 	.globl _SBUF0
                                    363 	.globl _SCON
                                    364 	.globl _SCON0
                                    365 	.globl _SSTA0
                                    366 	.globl _PSCTL
                                    367 	.globl _CKCON
                                    368 	.globl _TH1
                                    369 	.globl _TH0
                                    370 	.globl _TL1
                                    371 	.globl _TL0
                                    372 	.globl _TMOD
                                    373 	.globl _TCON
                                    374 	.globl _WDTCN
                                    375 	.globl _EIP2
                                    376 	.globl _EIP1
                                    377 	.globl _B
                                    378 	.globl _EIE2
                                    379 	.globl _EIE1
                                    380 	.globl _ACC
                                    381 	.globl _PSW
                                    382 	.globl _IP
                                    383 	.globl _PSBANK
                                    384 	.globl _P3
                                    385 	.globl _IE
                                    386 	.globl _P2
                                    387 	.globl _P1
                                    388 	.globl _PCON
                                    389 	.globl _SFRLAST
                                    390 	.globl _SFRNEXT
                                    391 	.globl _SFRPAGE
                                    392 	.globl _DPH
                                    393 	.globl _DPL
                                    394 	.globl _SP
                                    395 	.globl _P0
                                    396 ;--------------------------------------------------------
                                    397 ; special function registers
                                    398 ;--------------------------------------------------------
                                    399 	.area RSEG    (ABS,DATA)
      000000                        400 	.org 0x0000
                           000080   401 G$P0$0$0 == 0x0080
                           000080   402 _P0	=	0x0080
                           000081   403 G$SP$0$0 == 0x0081
                           000081   404 _SP	=	0x0081
                           000082   405 G$DPL$0$0 == 0x0082
                           000082   406 _DPL	=	0x0082
                           000083   407 G$DPH$0$0 == 0x0083
                           000083   408 _DPH	=	0x0083
                           000084   409 G$SFRPAGE$0$0 == 0x0084
                           000084   410 _SFRPAGE	=	0x0084
                           000085   411 G$SFRNEXT$0$0 == 0x0085
                           000085   412 _SFRNEXT	=	0x0085
                           000086   413 G$SFRLAST$0$0 == 0x0086
                           000086   414 _SFRLAST	=	0x0086
                           000087   415 G$PCON$0$0 == 0x0087
                           000087   416 _PCON	=	0x0087
                           000090   417 G$P1$0$0 == 0x0090
                           000090   418 _P1	=	0x0090
                           0000A0   419 G$P2$0$0 == 0x00a0
                           0000A0   420 _P2	=	0x00a0
                           0000A8   421 G$IE$0$0 == 0x00a8
                           0000A8   422 _IE	=	0x00a8
                           0000B0   423 G$P3$0$0 == 0x00b0
                           0000B0   424 _P3	=	0x00b0
                           0000B1   425 G$PSBANK$0$0 == 0x00b1
                           0000B1   426 _PSBANK	=	0x00b1
                           0000B8   427 G$IP$0$0 == 0x00b8
                           0000B8   428 _IP	=	0x00b8
                           0000D0   429 G$PSW$0$0 == 0x00d0
                           0000D0   430 _PSW	=	0x00d0
                           0000E0   431 G$ACC$0$0 == 0x00e0
                           0000E0   432 _ACC	=	0x00e0
                           0000E6   433 G$EIE1$0$0 == 0x00e6
                           0000E6   434 _EIE1	=	0x00e6
                           0000E7   435 G$EIE2$0$0 == 0x00e7
                           0000E7   436 _EIE2	=	0x00e7
                           0000F0   437 G$B$0$0 == 0x00f0
                           0000F0   438 _B	=	0x00f0
                           0000F6   439 G$EIP1$0$0 == 0x00f6
                           0000F6   440 _EIP1	=	0x00f6
                           0000F7   441 G$EIP2$0$0 == 0x00f7
                           0000F7   442 _EIP2	=	0x00f7
                           0000FF   443 G$WDTCN$0$0 == 0x00ff
                           0000FF   444 _WDTCN	=	0x00ff
                           000088   445 G$TCON$0$0 == 0x0088
                           000088   446 _TCON	=	0x0088
                           000089   447 G$TMOD$0$0 == 0x0089
                           000089   448 _TMOD	=	0x0089
                           00008A   449 G$TL0$0$0 == 0x008a
                           00008A   450 _TL0	=	0x008a
                           00008B   451 G$TL1$0$0 == 0x008b
                           00008B   452 _TL1	=	0x008b
                           00008C   453 G$TH0$0$0 == 0x008c
                           00008C   454 _TH0	=	0x008c
                           00008D   455 G$TH1$0$0 == 0x008d
                           00008D   456 _TH1	=	0x008d
                           00008E   457 G$CKCON$0$0 == 0x008e
                           00008E   458 _CKCON	=	0x008e
                           00008F   459 G$PSCTL$0$0 == 0x008f
                           00008F   460 _PSCTL	=	0x008f
                           000091   461 G$SSTA0$0$0 == 0x0091
                           000091   462 _SSTA0	=	0x0091
                           000098   463 G$SCON0$0$0 == 0x0098
                           000098   464 _SCON0	=	0x0098
                           000098   465 G$SCON$0$0 == 0x0098
                           000098   466 _SCON	=	0x0098
                           000099   467 G$SBUF0$0$0 == 0x0099
                           000099   468 _SBUF0	=	0x0099
                           000099   469 G$SBUF$0$0 == 0x0099
                           000099   470 _SBUF	=	0x0099
                           00009A   471 G$SPI0CFG$0$0 == 0x009a
                           00009A   472 _SPI0CFG	=	0x009a
                           00009B   473 G$SPI0DAT$0$0 == 0x009b
                           00009B   474 _SPI0DAT	=	0x009b
                           00009D   475 G$SPI0CKR$0$0 == 0x009d
                           00009D   476 _SPI0CKR	=	0x009d
                           0000A1   477 G$EMI0TC$0$0 == 0x00a1
                           0000A1   478 _EMI0TC	=	0x00a1
                           0000A2   479 G$EMI0CN$0$0 == 0x00a2
                           0000A2   480 _EMI0CN	=	0x00a2
                           0000A2   481 G$_XPAGE$0$0 == 0x00a2
                           0000A2   482 __XPAGE	=	0x00a2
                           0000A3   483 G$EMI0CF$0$0 == 0x00a3
                           0000A3   484 _EMI0CF	=	0x00a3
                           0000A9   485 G$SADDR0$0$0 == 0x00a9
                           0000A9   486 _SADDR0	=	0x00a9
                           0000B7   487 G$FLSCL$0$0 == 0x00b7
                           0000B7   488 _FLSCL	=	0x00b7
                           0000B9   489 G$SADEN0$0$0 == 0x00b9
                           0000B9   490 _SADEN0	=	0x00b9
                           0000BA   491 G$AMX0CF$0$0 == 0x00ba
                           0000BA   492 _AMX0CF	=	0x00ba
                           0000BB   493 G$AMX0SL$0$0 == 0x00bb
                           0000BB   494 _AMX0SL	=	0x00bb
                           0000BC   495 G$ADC0CF$0$0 == 0x00bc
                           0000BC   496 _ADC0CF	=	0x00bc
                           0000BE   497 G$ADC0L$0$0 == 0x00be
                           0000BE   498 _ADC0L	=	0x00be
                           0000BF   499 G$ADC0H$0$0 == 0x00bf
                           0000BF   500 _ADC0H	=	0x00bf
                           0000C0   501 G$SMB0CN$0$0 == 0x00c0
                           0000C0   502 _SMB0CN	=	0x00c0
                           0000C1   503 G$SMB0STA$0$0 == 0x00c1
                           0000C1   504 _SMB0STA	=	0x00c1
                           0000C2   505 G$SMB0DAT$0$0 == 0x00c2
                           0000C2   506 _SMB0DAT	=	0x00c2
                           0000C3   507 G$SMB0ADR$0$0 == 0x00c3
                           0000C3   508 _SMB0ADR	=	0x00c3
                           0000C4   509 G$ADC0GTL$0$0 == 0x00c4
                           0000C4   510 _ADC0GTL	=	0x00c4
                           0000C5   511 G$ADC0GTH$0$0 == 0x00c5
                           0000C5   512 _ADC0GTH	=	0x00c5
                           0000C6   513 G$ADC0LTL$0$0 == 0x00c6
                           0000C6   514 _ADC0LTL	=	0x00c6
                           0000C7   515 G$ADC0LTH$0$0 == 0x00c7
                           0000C7   516 _ADC0LTH	=	0x00c7
                           0000C8   517 G$TMR2CN$0$0 == 0x00c8
                           0000C8   518 _TMR2CN	=	0x00c8
                           0000C9   519 G$TMR2CF$0$0 == 0x00c9
                           0000C9   520 _TMR2CF	=	0x00c9
                           0000CA   521 G$RCAP2L$0$0 == 0x00ca
                           0000CA   522 _RCAP2L	=	0x00ca
                           0000CB   523 G$RCAP2H$0$0 == 0x00cb
                           0000CB   524 _RCAP2H	=	0x00cb
                           0000CC   525 G$TMR2L$0$0 == 0x00cc
                           0000CC   526 _TMR2L	=	0x00cc
                           0000CC   527 G$TL2$0$0 == 0x00cc
                           0000CC   528 _TL2	=	0x00cc
                           0000CD   529 G$TMR2H$0$0 == 0x00cd
                           0000CD   530 _TMR2H	=	0x00cd
                           0000CD   531 G$TH2$0$0 == 0x00cd
                           0000CD   532 _TH2	=	0x00cd
                           0000CF   533 G$SMB0CR$0$0 == 0x00cf
                           0000CF   534 _SMB0CR	=	0x00cf
                           0000D1   535 G$REF0CN$0$0 == 0x00d1
                           0000D1   536 _REF0CN	=	0x00d1
                           0000D2   537 G$DAC0L$0$0 == 0x00d2
                           0000D2   538 _DAC0L	=	0x00d2
                           0000D3   539 G$DAC0H$0$0 == 0x00d3
                           0000D3   540 _DAC0H	=	0x00d3
                           0000D4   541 G$DAC0CN$0$0 == 0x00d4
                           0000D4   542 _DAC0CN	=	0x00d4
                           0000D8   543 G$PCA0CN$0$0 == 0x00d8
                           0000D8   544 _PCA0CN	=	0x00d8
                           0000D9   545 G$PCA0MD$0$0 == 0x00d9
                           0000D9   546 _PCA0MD	=	0x00d9
                           0000DA   547 G$PCA0CPM0$0$0 == 0x00da
                           0000DA   548 _PCA0CPM0	=	0x00da
                           0000DB   549 G$PCA0CPM1$0$0 == 0x00db
                           0000DB   550 _PCA0CPM1	=	0x00db
                           0000DC   551 G$PCA0CPM2$0$0 == 0x00dc
                           0000DC   552 _PCA0CPM2	=	0x00dc
                           0000DD   553 G$PCA0CPM3$0$0 == 0x00dd
                           0000DD   554 _PCA0CPM3	=	0x00dd
                           0000DE   555 G$PCA0CPM4$0$0 == 0x00de
                           0000DE   556 _PCA0CPM4	=	0x00de
                           0000DF   557 G$PCA0CPM5$0$0 == 0x00df
                           0000DF   558 _PCA0CPM5	=	0x00df
                           0000E1   559 G$PCA0CPL5$0$0 == 0x00e1
                           0000E1   560 _PCA0CPL5	=	0x00e1
                           0000E2   561 G$PCA0CPH5$0$0 == 0x00e2
                           0000E2   562 _PCA0CPH5	=	0x00e2
                           0000E8   563 G$ADC0CN$0$0 == 0x00e8
                           0000E8   564 _ADC0CN	=	0x00e8
                           0000E9   565 G$PCA0CPL2$0$0 == 0x00e9
                           0000E9   566 _PCA0CPL2	=	0x00e9
                           0000EA   567 G$PCA0CPH2$0$0 == 0x00ea
                           0000EA   568 _PCA0CPH2	=	0x00ea
                           0000EB   569 G$PCA0CPL3$0$0 == 0x00eb
                           0000EB   570 _PCA0CPL3	=	0x00eb
                           0000EC   571 G$PCA0CPH3$0$0 == 0x00ec
                           0000EC   572 _PCA0CPH3	=	0x00ec
                           0000ED   573 G$PCA0CPL4$0$0 == 0x00ed
                           0000ED   574 _PCA0CPL4	=	0x00ed
                           0000EE   575 G$PCA0CPH4$0$0 == 0x00ee
                           0000EE   576 _PCA0CPH4	=	0x00ee
                           0000EF   577 G$RSTSRC$0$0 == 0x00ef
                           0000EF   578 _RSTSRC	=	0x00ef
                           0000F8   579 G$SPI0CN$0$0 == 0x00f8
                           0000F8   580 _SPI0CN	=	0x00f8
                           0000F9   581 G$PCA0L$0$0 == 0x00f9
                           0000F9   582 _PCA0L	=	0x00f9
                           0000FA   583 G$PCA0H$0$0 == 0x00fa
                           0000FA   584 _PCA0H	=	0x00fa
                           0000FB   585 G$PCA0CPL0$0$0 == 0x00fb
                           0000FB   586 _PCA0CPL0	=	0x00fb
                           0000FC   587 G$PCA0CPH0$0$0 == 0x00fc
                           0000FC   588 _PCA0CPH0	=	0x00fc
                           0000FD   589 G$PCA0CPL1$0$0 == 0x00fd
                           0000FD   590 _PCA0CPL1	=	0x00fd
                           0000FE   591 G$PCA0CPH1$0$0 == 0x00fe
                           0000FE   592 _PCA0CPH1	=	0x00fe
                           000088   593 G$CPT0CN$0$0 == 0x0088
                           000088   594 _CPT0CN	=	0x0088
                           000089   595 G$CPT0MD$0$0 == 0x0089
                           000089   596 _CPT0MD	=	0x0089
                           000098   597 G$SCON1$0$0 == 0x0098
                           000098   598 _SCON1	=	0x0098
                           000099   599 G$SBUF1$0$0 == 0x0099
                           000099   600 _SBUF1	=	0x0099
                           0000C8   601 G$TMR3CN$0$0 == 0x00c8
                           0000C8   602 _TMR3CN	=	0x00c8
                           0000C9   603 G$TMR3CF$0$0 == 0x00c9
                           0000C9   604 _TMR3CF	=	0x00c9
                           0000CA   605 G$RCAP3L$0$0 == 0x00ca
                           0000CA   606 _RCAP3L	=	0x00ca
                           0000CB   607 G$RCAP3H$0$0 == 0x00cb
                           0000CB   608 _RCAP3H	=	0x00cb
                           0000CC   609 G$TMR3L$0$0 == 0x00cc
                           0000CC   610 _TMR3L	=	0x00cc
                           0000CD   611 G$TMR3H$0$0 == 0x00cd
                           0000CD   612 _TMR3H	=	0x00cd
                           0000D2   613 G$DAC1L$0$0 == 0x00d2
                           0000D2   614 _DAC1L	=	0x00d2
                           0000D3   615 G$DAC1H$0$0 == 0x00d3
                           0000D3   616 _DAC1H	=	0x00d3
                           0000D4   617 G$DAC1CN$0$0 == 0x00d4
                           0000D4   618 _DAC1CN	=	0x00d4
                           000088   619 G$CPT1CN$0$0 == 0x0088
                           000088   620 _CPT1CN	=	0x0088
                           000089   621 G$CPT1MD$0$0 == 0x0089
                           000089   622 _CPT1MD	=	0x0089
                           0000BA   623 G$AMX2CF$0$0 == 0x00ba
                           0000BA   624 _AMX2CF	=	0x00ba
                           0000BB   625 G$AMX2SL$0$0 == 0x00bb
                           0000BB   626 _AMX2SL	=	0x00bb
                           0000BC   627 G$ADC2CF$0$0 == 0x00bc
                           0000BC   628 _ADC2CF	=	0x00bc
                           0000BE   629 G$ADC2$0$0 == 0x00be
                           0000BE   630 _ADC2	=	0x00be
                           0000C4   631 G$ADC2GT$0$0 == 0x00c4
                           0000C4   632 _ADC2GT	=	0x00c4
                           0000C6   633 G$ADC2LT$0$0 == 0x00c6
                           0000C6   634 _ADC2LT	=	0x00c6
                           0000C8   635 G$TMR4CN$0$0 == 0x00c8
                           0000C8   636 _TMR4CN	=	0x00c8
                           0000C9   637 G$TMR4CF$0$0 == 0x00c9
                           0000C9   638 _TMR4CF	=	0x00c9
                           0000CA   639 G$RCAP4L$0$0 == 0x00ca
                           0000CA   640 _RCAP4L	=	0x00ca
                           0000CB   641 G$RCAP4H$0$0 == 0x00cb
                           0000CB   642 _RCAP4H	=	0x00cb
                           0000CC   643 G$TMR4L$0$0 == 0x00cc
                           0000CC   644 _TMR4L	=	0x00cc
                           0000CD   645 G$TMR4H$0$0 == 0x00cd
                           0000CD   646 _TMR4H	=	0x00cd
                           0000E8   647 G$ADC2CN$0$0 == 0x00e8
                           0000E8   648 _ADC2CN	=	0x00e8
                           000091   649 G$MAC0BL$0$0 == 0x0091
                           000091   650 _MAC0BL	=	0x0091
                           000092   651 G$MAC0BH$0$0 == 0x0092
                           000092   652 _MAC0BH	=	0x0092
                           000093   653 G$MAC0ACC0$0$0 == 0x0093
                           000093   654 _MAC0ACC0	=	0x0093
                           000094   655 G$MAC0ACC1$0$0 == 0x0094
                           000094   656 _MAC0ACC1	=	0x0094
                           000095   657 G$MAC0ACC2$0$0 == 0x0095
                           000095   658 _MAC0ACC2	=	0x0095
                           000096   659 G$MAC0ACC3$0$0 == 0x0096
                           000096   660 _MAC0ACC3	=	0x0096
                           000097   661 G$MAC0OVR$0$0 == 0x0097
                           000097   662 _MAC0OVR	=	0x0097
                           0000C0   663 G$MAC0STA$0$0 == 0x00c0
                           0000C0   664 _MAC0STA	=	0x00c0
                           0000C1   665 G$MAC0AL$0$0 == 0x00c1
                           0000C1   666 _MAC0AL	=	0x00c1
                           0000C2   667 G$MAC0AH$0$0 == 0x00c2
                           0000C2   668 _MAC0AH	=	0x00c2
                           0000C3   669 G$MAC0CF$0$0 == 0x00c3
                           0000C3   670 _MAC0CF	=	0x00c3
                           0000CE   671 G$MAC0RNDL$0$0 == 0x00ce
                           0000CE   672 _MAC0RNDL	=	0x00ce
                           0000CF   673 G$MAC0RNDH$0$0 == 0x00cf
                           0000CF   674 _MAC0RNDH	=	0x00cf
                           000088   675 G$FLSTAT$0$0 == 0x0088
                           000088   676 _FLSTAT	=	0x0088
                           000089   677 G$PLL0CN$0$0 == 0x0089
                           000089   678 _PLL0CN	=	0x0089
                           00008A   679 G$OSCICN$0$0 == 0x008a
                           00008A   680 _OSCICN	=	0x008a
                           00008B   681 G$OSCICL$0$0 == 0x008b
                           00008B   682 _OSCICL	=	0x008b
                           00008C   683 G$OSCXCN$0$0 == 0x008c
                           00008C   684 _OSCXCN	=	0x008c
                           00008D   685 G$PLL0DIV$0$0 == 0x008d
                           00008D   686 _PLL0DIV	=	0x008d
                           00008E   687 G$PLL0MUL$0$0 == 0x008e
                           00008E   688 _PLL0MUL	=	0x008e
                           00008F   689 G$PLL0FLT$0$0 == 0x008f
                           00008F   690 _PLL0FLT	=	0x008f
                           000096   691 G$SFRPGCN$0$0 == 0x0096
                           000096   692 _SFRPGCN	=	0x0096
                           000097   693 G$CLKSEL$0$0 == 0x0097
                           000097   694 _CLKSEL	=	0x0097
                           00009A   695 G$CCH0MA$0$0 == 0x009a
                           00009A   696 _CCH0MA	=	0x009a
                           00009C   697 G$P4MDOUT$0$0 == 0x009c
                           00009C   698 _P4MDOUT	=	0x009c
                           00009D   699 G$P5MDOUT$0$0 == 0x009d
                           00009D   700 _P5MDOUT	=	0x009d
                           00009E   701 G$P6MDOUT$0$0 == 0x009e
                           00009E   702 _P6MDOUT	=	0x009e
                           00009F   703 G$P7MDOUT$0$0 == 0x009f
                           00009F   704 _P7MDOUT	=	0x009f
                           0000A1   705 G$CCH0CN$0$0 == 0x00a1
                           0000A1   706 _CCH0CN	=	0x00a1
                           0000A2   707 G$CCH0TN$0$0 == 0x00a2
                           0000A2   708 _CCH0TN	=	0x00a2
                           0000A3   709 G$CCH0LC$0$0 == 0x00a3
                           0000A3   710 _CCH0LC	=	0x00a3
                           0000A4   711 G$P0MDOUT$0$0 == 0x00a4
                           0000A4   712 _P0MDOUT	=	0x00a4
                           0000A5   713 G$P1MDOUT$0$0 == 0x00a5
                           0000A5   714 _P1MDOUT	=	0x00a5
                           0000A6   715 G$P2MDOUT$0$0 == 0x00a6
                           0000A6   716 _P2MDOUT	=	0x00a6
                           0000A7   717 G$P3MDOUT$0$0 == 0x00a7
                           0000A7   718 _P3MDOUT	=	0x00a7
                           0000AD   719 G$P1MDIN$0$0 == 0x00ad
                           0000AD   720 _P1MDIN	=	0x00ad
                           0000B7   721 G$FLACL$0$0 == 0x00b7
                           0000B7   722 _FLACL	=	0x00b7
                           0000C8   723 G$P4$0$0 == 0x00c8
                           0000C8   724 _P4	=	0x00c8
                           0000D8   725 G$P5$0$0 == 0x00d8
                           0000D8   726 _P5	=	0x00d8
                           0000E1   727 G$XBR0$0$0 == 0x00e1
                           0000E1   728 _XBR0	=	0x00e1
                           0000E2   729 G$XBR1$0$0 == 0x00e2
                           0000E2   730 _XBR1	=	0x00e2
                           0000E3   731 G$XBR2$0$0 == 0x00e3
                           0000E3   732 _XBR2	=	0x00e3
                           0000E8   733 G$P6$0$0 == 0x00e8
                           0000E8   734 _P6	=	0x00e8
                           0000F8   735 G$P7$0$0 == 0x00f8
                           0000F8   736 _P7	=	0x00f8
                           008C8A   737 G$TMR0$0$0 == 0x8c8a
                           008C8A   738 _TMR0	=	0x8c8a
                           008D8B   739 G$TMR1$0$0 == 0x8d8b
                           008D8B   740 _TMR1	=	0x8d8b
                           00CDCC   741 G$TMR2$0$0 == 0xcdcc
                           00CDCC   742 _TMR2	=	0xcdcc
                           00CBCA   743 G$RCAP2$0$0 == 0xcbca
                           00CBCA   744 _RCAP2	=	0xcbca
                           00BFBE   745 G$ADC0$0$0 == 0xbfbe
                           00BFBE   746 _ADC0	=	0xbfbe
                           00C5C4   747 G$ADC0GT$0$0 == 0xc5c4
                           00C5C4   748 _ADC0GT	=	0xc5c4
                           00C7C6   749 G$ADC0LT$0$0 == 0xc7c6
                           00C7C6   750 _ADC0LT	=	0xc7c6
                           00D3D2   751 G$DAC0$0$0 == 0xd3d2
                           00D3D2   752 _DAC0	=	0xd3d2
                           00FAF9   753 G$PCA0$0$0 == 0xfaf9
                           00FAF9   754 _PCA0	=	0xfaf9
                           00FCFB   755 G$PCA0CP0$0$0 == 0xfcfb
                           00FCFB   756 _PCA0CP0	=	0xfcfb
                           00FEFD   757 G$PCA0CP1$0$0 == 0xfefd
                           00FEFD   758 _PCA0CP1	=	0xfefd
                           00EAE9   759 G$PCA0CP2$0$0 == 0xeae9
                           00EAE9   760 _PCA0CP2	=	0xeae9
                           00ECEB   761 G$PCA0CP3$0$0 == 0xeceb
                           00ECEB   762 _PCA0CP3	=	0xeceb
                           00EEED   763 G$PCA0CP4$0$0 == 0xeeed
                           00EEED   764 _PCA0CP4	=	0xeeed
                           00E2E1   765 G$PCA0CP5$0$0 == 0xe2e1
                           00E2E1   766 _PCA0CP5	=	0xe2e1
                           00CDCC   767 G$TMR3$0$0 == 0xcdcc
                           00CDCC   768 _TMR3	=	0xcdcc
                           00CBCA   769 G$RCAP3$0$0 == 0xcbca
                           00CBCA   770 _RCAP3	=	0xcbca
                           00D3D2   771 G$DAC1$0$0 == 0xd3d2
                           00D3D2   772 _DAC1	=	0xd3d2
                           00CDCC   773 G$TMR4$0$0 == 0xcdcc
                           00CDCC   774 _TMR4	=	0xcdcc
                           00CBCA   775 G$RCAP4$0$0 == 0xcbca
                           00CBCA   776 _RCAP4	=	0xcbca
                           00C2C1   777 G$MAC0A$0$0 == 0xc2c1
                           00C2C1   778 _MAC0A	=	0xc2c1
                           96959493   779 G$MAC0ACC$0$0 == 0x96959493
                           96959493   780 _MAC0ACC	=	0x96959493
                           00CFCE   781 G$MAC0RND$0$0 == 0xcfce
                           00CFCE   782 _MAC0RND	=	0xcfce
                                    783 ;--------------------------------------------------------
                                    784 ; special function bits
                                    785 ;--------------------------------------------------------
                                    786 	.area RSEG    (ABS,DATA)
      000000                        787 	.org 0x0000
                           000080   788 G$P0_0$0$0 == 0x0080
                           000080   789 _P0_0	=	0x0080
                           000081   790 G$P0_1$0$0 == 0x0081
                           000081   791 _P0_1	=	0x0081
                           000082   792 G$P0_2$0$0 == 0x0082
                           000082   793 _P0_2	=	0x0082
                           000083   794 G$P0_3$0$0 == 0x0083
                           000083   795 _P0_3	=	0x0083
                           000084   796 G$P0_4$0$0 == 0x0084
                           000084   797 _P0_4	=	0x0084
                           000085   798 G$P0_5$0$0 == 0x0085
                           000085   799 _P0_5	=	0x0085
                           000086   800 G$P0_6$0$0 == 0x0086
                           000086   801 _P0_6	=	0x0086
                           000087   802 G$P0_7$0$0 == 0x0087
                           000087   803 _P0_7	=	0x0087
                           000088   804 G$IT0$0$0 == 0x0088
                           000088   805 _IT0	=	0x0088
                           000089   806 G$IE0$0$0 == 0x0089
                           000089   807 _IE0	=	0x0089
                           00008A   808 G$IT1$0$0 == 0x008a
                           00008A   809 _IT1	=	0x008a
                           00008B   810 G$IE1$0$0 == 0x008b
                           00008B   811 _IE1	=	0x008b
                           00008C   812 G$TR0$0$0 == 0x008c
                           00008C   813 _TR0	=	0x008c
                           00008D   814 G$TF0$0$0 == 0x008d
                           00008D   815 _TF0	=	0x008d
                           00008E   816 G$TR1$0$0 == 0x008e
                           00008E   817 _TR1	=	0x008e
                           00008F   818 G$TF1$0$0 == 0x008f
                           00008F   819 _TF1	=	0x008f
                           000088   820 G$CP0HYN0$0$0 == 0x0088
                           000088   821 _CP0HYN0	=	0x0088
                           000089   822 G$CP0HYN1$0$0 == 0x0089
                           000089   823 _CP0HYN1	=	0x0089
                           00008A   824 G$CP0HYP0$0$0 == 0x008a
                           00008A   825 _CP0HYP0	=	0x008a
                           00008B   826 G$CP0HYP1$0$0 == 0x008b
                           00008B   827 _CP0HYP1	=	0x008b
                           00008C   828 G$CP0FIF$0$0 == 0x008c
                           00008C   829 _CP0FIF	=	0x008c
                           00008D   830 G$CP0RIF$0$0 == 0x008d
                           00008D   831 _CP0RIF	=	0x008d
                           00008E   832 G$CP0OUT$0$0 == 0x008e
                           00008E   833 _CP0OUT	=	0x008e
                           00008F   834 G$CP0EN$0$0 == 0x008f
                           00008F   835 _CP0EN	=	0x008f
                           000088   836 G$CP1HYN0$0$0 == 0x0088
                           000088   837 _CP1HYN0	=	0x0088
                           000089   838 G$CP1HYN1$0$0 == 0x0089
                           000089   839 _CP1HYN1	=	0x0089
                           00008A   840 G$CP1HYP0$0$0 == 0x008a
                           00008A   841 _CP1HYP0	=	0x008a
                           00008B   842 G$CP1HYP1$0$0 == 0x008b
                           00008B   843 _CP1HYP1	=	0x008b
                           00008C   844 G$CP1FIF$0$0 == 0x008c
                           00008C   845 _CP1FIF	=	0x008c
                           00008D   846 G$CP1RIF$0$0 == 0x008d
                           00008D   847 _CP1RIF	=	0x008d
                           00008E   848 G$CP1OUT$0$0 == 0x008e
                           00008E   849 _CP1OUT	=	0x008e
                           00008F   850 G$CP1EN$0$0 == 0x008f
                           00008F   851 _CP1EN	=	0x008f
                           000088   852 G$FLHBUSY$0$0 == 0x0088
                           000088   853 _FLHBUSY	=	0x0088
                           000090   854 G$P1_0$0$0 == 0x0090
                           000090   855 _P1_0	=	0x0090
                           000091   856 G$P1_1$0$0 == 0x0091
                           000091   857 _P1_1	=	0x0091
                           000092   858 G$P1_2$0$0 == 0x0092
                           000092   859 _P1_2	=	0x0092
                           000093   860 G$P1_3$0$0 == 0x0093
                           000093   861 _P1_3	=	0x0093
                           000094   862 G$P1_4$0$0 == 0x0094
                           000094   863 _P1_4	=	0x0094
                           000095   864 G$P1_5$0$0 == 0x0095
                           000095   865 _P1_5	=	0x0095
                           000096   866 G$P1_6$0$0 == 0x0096
                           000096   867 _P1_6	=	0x0096
                           000097   868 G$P1_7$0$0 == 0x0097
                           000097   869 _P1_7	=	0x0097
                           000098   870 G$RI0$0$0 == 0x0098
                           000098   871 _RI0	=	0x0098
                           000098   872 G$RI$0$0 == 0x0098
                           000098   873 _RI	=	0x0098
                           000099   874 G$TI0$0$0 == 0x0099
                           000099   875 _TI0	=	0x0099
                           000099   876 G$TI$0$0 == 0x0099
                           000099   877 _TI	=	0x0099
                           00009A   878 G$RB80$0$0 == 0x009a
                           00009A   879 _RB80	=	0x009a
                           00009B   880 G$TB80$0$0 == 0x009b
                           00009B   881 _TB80	=	0x009b
                           00009C   882 G$REN0$0$0 == 0x009c
                           00009C   883 _REN0	=	0x009c
                           00009C   884 G$REN$0$0 == 0x009c
                           00009C   885 _REN	=	0x009c
                           00009D   886 G$SM20$0$0 == 0x009d
                           00009D   887 _SM20	=	0x009d
                           00009E   888 G$SM10$0$0 == 0x009e
                           00009E   889 _SM10	=	0x009e
                           00009F   890 G$SM00$0$0 == 0x009f
                           00009F   891 _SM00	=	0x009f
                           000098   892 G$RI1$0$0 == 0x0098
                           000098   893 _RI1	=	0x0098
                           000099   894 G$TI1$0$0 == 0x0099
                           000099   895 _TI1	=	0x0099
                           00009A   896 G$RB81$0$0 == 0x009a
                           00009A   897 _RB81	=	0x009a
                           00009B   898 G$TB81$0$0 == 0x009b
                           00009B   899 _TB81	=	0x009b
                           00009C   900 G$REN1$0$0 == 0x009c
                           00009C   901 _REN1	=	0x009c
                           00009D   902 G$MCE1$0$0 == 0x009d
                           00009D   903 _MCE1	=	0x009d
                           00009F   904 G$S1MODE$0$0 == 0x009f
                           00009F   905 _S1MODE	=	0x009f
                           0000A0   906 G$P2_0$0$0 == 0x00a0
                           0000A0   907 _P2_0	=	0x00a0
                           0000A1   908 G$P2_1$0$0 == 0x00a1
                           0000A1   909 _P2_1	=	0x00a1
                           0000A2   910 G$P2_2$0$0 == 0x00a2
                           0000A2   911 _P2_2	=	0x00a2
                           0000A3   912 G$P2_3$0$0 == 0x00a3
                           0000A3   913 _P2_3	=	0x00a3
                           0000A4   914 G$P2_4$0$0 == 0x00a4
                           0000A4   915 _P2_4	=	0x00a4
                           0000A5   916 G$P2_5$0$0 == 0x00a5
                           0000A5   917 _P2_5	=	0x00a5
                           0000A6   918 G$P2_6$0$0 == 0x00a6
                           0000A6   919 _P2_6	=	0x00a6
                           0000A7   920 G$P2_7$0$0 == 0x00a7
                           0000A7   921 _P2_7	=	0x00a7
                           0000A8   922 G$EX0$0$0 == 0x00a8
                           0000A8   923 _EX0	=	0x00a8
                           0000A9   924 G$ET0$0$0 == 0x00a9
                           0000A9   925 _ET0	=	0x00a9
                           0000AA   926 G$EX1$0$0 == 0x00aa
                           0000AA   927 _EX1	=	0x00aa
                           0000AB   928 G$ET1$0$0 == 0x00ab
                           0000AB   929 _ET1	=	0x00ab
                           0000AC   930 G$ES0$0$0 == 0x00ac
                           0000AC   931 _ES0	=	0x00ac
                           0000AC   932 G$ES$0$0 == 0x00ac
                           0000AC   933 _ES	=	0x00ac
                           0000AD   934 G$ET2$0$0 == 0x00ad
                           0000AD   935 _ET2	=	0x00ad
                           0000AF   936 G$EA$0$0 == 0x00af
                           0000AF   937 _EA	=	0x00af
                           0000B0   938 G$P3_0$0$0 == 0x00b0
                           0000B0   939 _P3_0	=	0x00b0
                           0000B1   940 G$P3_1$0$0 == 0x00b1
                           0000B1   941 _P3_1	=	0x00b1
                           0000B2   942 G$P3_2$0$0 == 0x00b2
                           0000B2   943 _P3_2	=	0x00b2
                           0000B3   944 G$P3_3$0$0 == 0x00b3
                           0000B3   945 _P3_3	=	0x00b3
                           0000B4   946 G$P3_4$0$0 == 0x00b4
                           0000B4   947 _P3_4	=	0x00b4
                           0000B5   948 G$P3_5$0$0 == 0x00b5
                           0000B5   949 _P3_5	=	0x00b5
                           0000B6   950 G$P3_6$0$0 == 0x00b6
                           0000B6   951 _P3_6	=	0x00b6
                           0000B7   952 G$P3_7$0$0 == 0x00b7
                           0000B7   953 _P3_7	=	0x00b7
                           0000B8   954 G$PX0$0$0 == 0x00b8
                           0000B8   955 _PX0	=	0x00b8
                           0000B9   956 G$PT0$0$0 == 0x00b9
                           0000B9   957 _PT0	=	0x00b9
                           0000BA   958 G$PX1$0$0 == 0x00ba
                           0000BA   959 _PX1	=	0x00ba
                           0000BB   960 G$PT1$0$0 == 0x00bb
                           0000BB   961 _PT1	=	0x00bb
                           0000BC   962 G$PS0$0$0 == 0x00bc
                           0000BC   963 _PS0	=	0x00bc
                           0000BC   964 G$PS$0$0 == 0x00bc
                           0000BC   965 _PS	=	0x00bc
                           0000BD   966 G$PT2$0$0 == 0x00bd
                           0000BD   967 _PT2	=	0x00bd
                           0000C0   968 G$SMBTOE$0$0 == 0x00c0
                           0000C0   969 _SMBTOE	=	0x00c0
                           0000C1   970 G$SMBFTE$0$0 == 0x00c1
                           0000C1   971 _SMBFTE	=	0x00c1
                           0000C2   972 G$AA$0$0 == 0x00c2
                           0000C2   973 _AA	=	0x00c2
                           0000C3   974 G$SI$0$0 == 0x00c3
                           0000C3   975 _SI	=	0x00c3
                           0000C4   976 G$STO$0$0 == 0x00c4
                           0000C4   977 _STO	=	0x00c4
                           0000C5   978 G$STA$0$0 == 0x00c5
                           0000C5   979 _STA	=	0x00c5
                           0000C6   980 G$ENSMB$0$0 == 0x00c6
                           0000C6   981 _ENSMB	=	0x00c6
                           0000C7   982 G$BUSY$0$0 == 0x00c7
                           0000C7   983 _BUSY	=	0x00c7
                           0000C0   984 G$MAC0N$0$0 == 0x00c0
                           0000C0   985 _MAC0N	=	0x00c0
                           0000C1   986 G$MAC0SO$0$0 == 0x00c1
                           0000C1   987 _MAC0SO	=	0x00c1
                           0000C2   988 G$MAC0Z$0$0 == 0x00c2
                           0000C2   989 _MAC0Z	=	0x00c2
                           0000C3   990 G$MAC0HO$0$0 == 0x00c3
                           0000C3   991 _MAC0HO	=	0x00c3
                           0000C8   992 G$CPRL2$0$0 == 0x00c8
                           0000C8   993 _CPRL2	=	0x00c8
                           0000C9   994 G$CT2$0$0 == 0x00c9
                           0000C9   995 _CT2	=	0x00c9
                           0000CA   996 G$TR2$0$0 == 0x00ca
                           0000CA   997 _TR2	=	0x00ca
                           0000CB   998 G$EXEN2$0$0 == 0x00cb
                           0000CB   999 _EXEN2	=	0x00cb
                           0000CE  1000 G$EXF2$0$0 == 0x00ce
                           0000CE  1001 _EXF2	=	0x00ce
                           0000CF  1002 G$TF2$0$0 == 0x00cf
                           0000CF  1003 _TF2	=	0x00cf
                           0000C8  1004 G$CPRL3$0$0 == 0x00c8
                           0000C8  1005 _CPRL3	=	0x00c8
                           0000C9  1006 G$CT3$0$0 == 0x00c9
                           0000C9  1007 _CT3	=	0x00c9
                           0000CA  1008 G$TR3$0$0 == 0x00ca
                           0000CA  1009 _TR3	=	0x00ca
                           0000CB  1010 G$EXEN3$0$0 == 0x00cb
                           0000CB  1011 _EXEN3	=	0x00cb
                           0000CE  1012 G$EXF3$0$0 == 0x00ce
                           0000CE  1013 _EXF3	=	0x00ce
                           0000CF  1014 G$TF3$0$0 == 0x00cf
                           0000CF  1015 _TF3	=	0x00cf
                           0000C8  1016 G$CPRL4$0$0 == 0x00c8
                           0000C8  1017 _CPRL4	=	0x00c8
                           0000C9  1018 G$CT4$0$0 == 0x00c9
                           0000C9  1019 _CT4	=	0x00c9
                           0000CA  1020 G$TR4$0$0 == 0x00ca
                           0000CA  1021 _TR4	=	0x00ca
                           0000CB  1022 G$EXEN4$0$0 == 0x00cb
                           0000CB  1023 _EXEN4	=	0x00cb
                           0000CE  1024 G$EXF4$0$0 == 0x00ce
                           0000CE  1025 _EXF4	=	0x00ce
                           0000CF  1026 G$TF4$0$0 == 0x00cf
                           0000CF  1027 _TF4	=	0x00cf
                           0000C8  1028 G$P4_0$0$0 == 0x00c8
                           0000C8  1029 _P4_0	=	0x00c8
                           0000C9  1030 G$P4_1$0$0 == 0x00c9
                           0000C9  1031 _P4_1	=	0x00c9
                           0000CA  1032 G$P4_2$0$0 == 0x00ca
                           0000CA  1033 _P4_2	=	0x00ca
                           0000CB  1034 G$P4_3$0$0 == 0x00cb
                           0000CB  1035 _P4_3	=	0x00cb
                           0000CC  1036 G$P4_4$0$0 == 0x00cc
                           0000CC  1037 _P4_4	=	0x00cc
                           0000CD  1038 G$P4_5$0$0 == 0x00cd
                           0000CD  1039 _P4_5	=	0x00cd
                           0000CE  1040 G$P4_6$0$0 == 0x00ce
                           0000CE  1041 _P4_6	=	0x00ce
                           0000CF  1042 G$P4_7$0$0 == 0x00cf
                           0000CF  1043 _P4_7	=	0x00cf
                           0000D0  1044 G$P$0$0 == 0x00d0
                           0000D0  1045 _P	=	0x00d0
                           0000D1  1046 G$F1$0$0 == 0x00d1
                           0000D1  1047 _F1	=	0x00d1
                           0000D2  1048 G$OV$0$0 == 0x00d2
                           0000D2  1049 _OV	=	0x00d2
                           0000D3  1050 G$RS0$0$0 == 0x00d3
                           0000D3  1051 _RS0	=	0x00d3
                           0000D4  1052 G$RS1$0$0 == 0x00d4
                           0000D4  1053 _RS1	=	0x00d4
                           0000D5  1054 G$F0$0$0 == 0x00d5
                           0000D5  1055 _F0	=	0x00d5
                           0000D6  1056 G$AC$0$0 == 0x00d6
                           0000D6  1057 _AC	=	0x00d6
                           0000D7  1058 G$CY$0$0 == 0x00d7
                           0000D7  1059 _CY	=	0x00d7
                           0000D8  1060 G$CCF0$0$0 == 0x00d8
                           0000D8  1061 _CCF0	=	0x00d8
                           0000D9  1062 G$CCF1$0$0 == 0x00d9
                           0000D9  1063 _CCF1	=	0x00d9
                           0000DA  1064 G$CCF2$0$0 == 0x00da
                           0000DA  1065 _CCF2	=	0x00da
                           0000DB  1066 G$CCF3$0$0 == 0x00db
                           0000DB  1067 _CCF3	=	0x00db
                           0000DC  1068 G$CCF4$0$0 == 0x00dc
                           0000DC  1069 _CCF4	=	0x00dc
                           0000DD  1070 G$CCF5$0$0 == 0x00dd
                           0000DD  1071 _CCF5	=	0x00dd
                           0000DE  1072 G$CR$0$0 == 0x00de
                           0000DE  1073 _CR	=	0x00de
                           0000DF  1074 G$CF$0$0 == 0x00df
                           0000DF  1075 _CF	=	0x00df
                           0000D8  1076 G$P5_0$0$0 == 0x00d8
                           0000D8  1077 _P5_0	=	0x00d8
                           0000D9  1078 G$P5_1$0$0 == 0x00d9
                           0000D9  1079 _P5_1	=	0x00d9
                           0000DA  1080 G$P5_2$0$0 == 0x00da
                           0000DA  1081 _P5_2	=	0x00da
                           0000DB  1082 G$P5_3$0$0 == 0x00db
                           0000DB  1083 _P5_3	=	0x00db
                           0000DC  1084 G$P5_4$0$0 == 0x00dc
                           0000DC  1085 _P5_4	=	0x00dc
                           0000DD  1086 G$P5_5$0$0 == 0x00dd
                           0000DD  1087 _P5_5	=	0x00dd
                           0000DE  1088 G$P5_6$0$0 == 0x00de
                           0000DE  1089 _P5_6	=	0x00de
                           0000DF  1090 G$P5_7$0$0 == 0x00df
                           0000DF  1091 _P5_7	=	0x00df
                           0000E8  1092 G$AD0LJST$0$0 == 0x00e8
                           0000E8  1093 _AD0LJST	=	0x00e8
                           0000E9  1094 G$AD0WINT$0$0 == 0x00e9
                           0000E9  1095 _AD0WINT	=	0x00e9
                           0000EA  1096 G$AD0CM0$0$0 == 0x00ea
                           0000EA  1097 _AD0CM0	=	0x00ea
                           0000EB  1098 G$AD0CM1$0$0 == 0x00eb
                           0000EB  1099 _AD0CM1	=	0x00eb
                           0000EC  1100 G$AD0BUSY$0$0 == 0x00ec
                           0000EC  1101 _AD0BUSY	=	0x00ec
                           0000ED  1102 G$AD0INT$0$0 == 0x00ed
                           0000ED  1103 _AD0INT	=	0x00ed
                           0000EE  1104 G$AD0TM$0$0 == 0x00ee
                           0000EE  1105 _AD0TM	=	0x00ee
                           0000EF  1106 G$AD0EN$0$0 == 0x00ef
                           0000EF  1107 _AD0EN	=	0x00ef
                           0000E8  1108 G$AD2WINT$0$0 == 0x00e8
                           0000E8  1109 _AD2WINT	=	0x00e8
                           0000E9  1110 G$AD2CM0$0$0 == 0x00e9
                           0000E9  1111 _AD2CM0	=	0x00e9
                           0000EA  1112 G$AD2CM1$0$0 == 0x00ea
                           0000EA  1113 _AD2CM1	=	0x00ea
                           0000EB  1114 G$AD2CM2$0$0 == 0x00eb
                           0000EB  1115 _AD2CM2	=	0x00eb
                           0000EC  1116 G$AD2BUSY$0$0 == 0x00ec
                           0000EC  1117 _AD2BUSY	=	0x00ec
                           0000ED  1118 G$AD2INT$0$0 == 0x00ed
                           0000ED  1119 _AD2INT	=	0x00ed
                           0000EE  1120 G$AD2TM$0$0 == 0x00ee
                           0000EE  1121 _AD2TM	=	0x00ee
                           0000EF  1122 G$AD2EN$0$0 == 0x00ef
                           0000EF  1123 _AD2EN	=	0x00ef
                           0000E8  1124 G$P6_0$0$0 == 0x00e8
                           0000E8  1125 _P6_0	=	0x00e8
                           0000E9  1126 G$P6_1$0$0 == 0x00e9
                           0000E9  1127 _P6_1	=	0x00e9
                           0000EA  1128 G$P6_2$0$0 == 0x00ea
                           0000EA  1129 _P6_2	=	0x00ea
                           0000EB  1130 G$P6_3$0$0 == 0x00eb
                           0000EB  1131 _P6_3	=	0x00eb
                           0000EC  1132 G$P6_4$0$0 == 0x00ec
                           0000EC  1133 _P6_4	=	0x00ec
                           0000ED  1134 G$P6_5$0$0 == 0x00ed
                           0000ED  1135 _P6_5	=	0x00ed
                           0000EE  1136 G$P6_6$0$0 == 0x00ee
                           0000EE  1137 _P6_6	=	0x00ee
                           0000EF  1138 G$P6_7$0$0 == 0x00ef
                           0000EF  1139 _P6_7	=	0x00ef
                           0000F8  1140 G$SPIEN$0$0 == 0x00f8
                           0000F8  1141 _SPIEN	=	0x00f8
                           0000F9  1142 G$TXBMT$0$0 == 0x00f9
                           0000F9  1143 _TXBMT	=	0x00f9
                           0000FA  1144 G$NSSMD0$0$0 == 0x00fa
                           0000FA  1145 _NSSMD0	=	0x00fa
                           0000FB  1146 G$NSSMD1$0$0 == 0x00fb
                           0000FB  1147 _NSSMD1	=	0x00fb
                           0000FC  1148 G$RXOVRN$0$0 == 0x00fc
                           0000FC  1149 _RXOVRN	=	0x00fc
                           0000FD  1150 G$MODF$0$0 == 0x00fd
                           0000FD  1151 _MODF	=	0x00fd
                           0000FE  1152 G$WCOL$0$0 == 0x00fe
                           0000FE  1153 _WCOL	=	0x00fe
                           0000FF  1154 G$SPIF$0$0 == 0x00ff
                           0000FF  1155 _SPIF	=	0x00ff
                           0000F8  1156 G$P7_0$0$0 == 0x00f8
                           0000F8  1157 _P7_0	=	0x00f8
                           0000F9  1158 G$P7_1$0$0 == 0x00f9
                           0000F9  1159 _P7_1	=	0x00f9
                           0000FA  1160 G$P7_2$0$0 == 0x00fa
                           0000FA  1161 _P7_2	=	0x00fa
                           0000FB  1162 G$P7_3$0$0 == 0x00fb
                           0000FB  1163 _P7_3	=	0x00fb
                           0000FC  1164 G$P7_4$0$0 == 0x00fc
                           0000FC  1165 _P7_4	=	0x00fc
                           0000FD  1166 G$P7_5$0$0 == 0x00fd
                           0000FD  1167 _P7_5	=	0x00fd
                           0000FE  1168 G$P7_6$0$0 == 0x00fe
                           0000FE  1169 _P7_6	=	0x00fe
                           0000FF  1170 G$P7_7$0$0 == 0x00ff
                           0000FF  1171 _P7_7	=	0x00ff
                                   1172 ;--------------------------------------------------------
                                   1173 ; overlayable register banks
                                   1174 ;--------------------------------------------------------
                                   1175 	.area REG_BANK_0	(REL,OVR,DATA)
      000000                       1176 	.ds 8
                                   1177 ;--------------------------------------------------------
                                   1178 ; internal ram data
                                   1179 ;--------------------------------------------------------
                                   1180 	.area DSEG    (DATA)
                                   1181 ;--------------------------------------------------------
                                   1182 ; overlayable items in internal ram 
                                   1183 ;--------------------------------------------------------
                                   1184 	.area	OSEG    (OVR,DATA)
                                   1185 ;--------------------------------------------------------
                                   1186 ; indirectly addressable internal ram data
                                   1187 ;--------------------------------------------------------
                                   1188 	.area ISEG    (DATA)
                                   1189 ;--------------------------------------------------------
                                   1190 ; absolute internal ram data
                                   1191 ;--------------------------------------------------------
                                   1192 	.area IABS    (ABS,DATA)
                                   1193 	.area IABS    (ABS,DATA)
                                   1194 ;--------------------------------------------------------
                                   1195 ; bit data
                                   1196 ;--------------------------------------------------------
                                   1197 	.area BSEG    (BIT)
                                   1198 ;--------------------------------------------------------
                                   1199 ; paged external ram data
                                   1200 ;--------------------------------------------------------
                                   1201 	.area PSEG    (PAG,XDATA)
                                   1202 ;--------------------------------------------------------
                                   1203 ; external ram data
                                   1204 ;--------------------------------------------------------
                                   1205 	.area XSEG    (XDATA)
                                   1206 ;--------------------------------------------------------
                                   1207 ; absolute external ram data
                                   1208 ;--------------------------------------------------------
                                   1209 	.area XABS    (ABS,XDATA)
                                   1210 ;--------------------------------------------------------
                                   1211 ; external initialized ram data
                                   1212 ;--------------------------------------------------------
                                   1213 	.area XISEG   (XDATA)
                                   1214 	.area HOME    (CODE)
                                   1215 	.area GSINIT0 (CODE)
                                   1216 	.area GSINIT1 (CODE)
                                   1217 	.area GSINIT2 (CODE)
                                   1218 	.area GSINIT3 (CODE)
                                   1219 	.area GSINIT4 (CODE)
                                   1220 	.area GSINIT5 (CODE)
                                   1221 	.area GSINIT  (CODE)
                                   1222 	.area GSFINAL (CODE)
                                   1223 	.area CSEG    (CODE)
                                   1224 ;--------------------------------------------------------
                                   1225 ; global & static initialisations
                                   1226 ;--------------------------------------------------------
                                   1227 	.area HOME    (CODE)
                                   1228 	.area GSINIT  (CODE)
                                   1229 	.area GSFINAL (CODE)
                                   1230 	.area GSINIT  (CODE)
                                   1231 ;--------------------------------------------------------
                                   1232 ; Home
                                   1233 ;--------------------------------------------------------
                                   1234 	.area HOME    (CODE)
                                   1235 	.area HOME    (CODE)
                                   1236 ;--------------------------------------------------------
                                   1237 ; code
                                   1238 ;--------------------------------------------------------
                                   1239 	.area CSEG    (CODE)
                                   1240 ;------------------------------------------------------------
                                   1241 ;Allocation info for local variables in function 'putchar'
                                   1242 ;------------------------------------------------------------
                                   1243 ;c                         Allocated to registers r7 
                                   1244 ;------------------------------------------------------------
                           000000  1245 	G$putchar$0$0 ==.
                           000000  1246 	C$putget.h$20$0$0 ==.
                                   1247 ;	C:\Users\John\Documents\MPS\lab1\putget.h:20: void putchar(char c)
                                   1248 ;	-----------------------------------------
                                   1249 ;	 function putchar
                                   1250 ;	-----------------------------------------
      000000                       1251 _putchar:
                           000007  1252 	ar7 = 0x07
                           000006  1253 	ar6 = 0x06
                           000005  1254 	ar5 = 0x05
                           000004  1255 	ar4 = 0x04
                           000003  1256 	ar3 = 0x03
                           000002  1257 	ar2 = 0x02
                           000001  1258 	ar1 = 0x01
                           000000  1259 	ar0 = 0x00
      000000 AF 82            [24] 1260 	mov	r7,dpl
                           000002  1261 	C$putget.h$22$1$2 ==.
                                   1262 ;	C:\Users\John\Documents\MPS\lab1\putget.h:22: while(!TI0); 
      000002                       1263 00101$:
                           000002  1264 	C$putget.h$23$1$2 ==.
                                   1265 ;	C:\Users\John\Documents\MPS\lab1\putget.h:23: TI0=0;
      000002 10 99 02         [24] 1266 	jbc	_TI0,00112$
      000005 80 FB            [24] 1267 	sjmp	00101$
      000007                       1268 00112$:
                           000007  1269 	C$putget.h$24$1$2 ==.
                                   1270 ;	C:\Users\John\Documents\MPS\lab1\putget.h:24: SBUF0 = c;
      000007 8F 99            [24] 1271 	mov	_SBUF0,r7
                           000009  1272 	C$putget.h$25$1$2 ==.
                           000009  1273 	XG$putchar$0$0 ==.
      000009 22               [24] 1274 	ret
                                   1275 ;------------------------------------------------------------
                                   1276 ;Allocation info for local variables in function 'getchar'
                                   1277 ;------------------------------------------------------------
                                   1278 ;c                         Allocated to registers 
                                   1279 ;------------------------------------------------------------
                           00000A  1280 	G$getchar$0$0 ==.
                           00000A  1281 	C$putget.h$30$1$2 ==.
                                   1282 ;	C:\Users\John\Documents\MPS\lab1\putget.h:30: char getchar(void)
                                   1283 ;	-----------------------------------------
                                   1284 ;	 function getchar
                                   1285 ;	-----------------------------------------
      00000A                       1286 _getchar:
                           00000A  1287 	C$putget.h$33$1$4 ==.
                                   1288 ;	C:\Users\John\Documents\MPS\lab1\putget.h:33: while(!RI0);
      00000A                       1289 00101$:
                           00000A  1290 	C$putget.h$34$1$4 ==.
                                   1291 ;	C:\Users\John\Documents\MPS\lab1\putget.h:34: RI0 =0;
      00000A 10 98 02         [24] 1292 	jbc	_RI0,00112$
      00000D 80 FB            [24] 1293 	sjmp	00101$
      00000F                       1294 00112$:
                           00000F  1295 	C$putget.h$35$1$4 ==.
                                   1296 ;	C:\Users\John\Documents\MPS\lab1\putget.h:35: c = SBUF0;
      00000F 85 99 82         [24] 1297 	mov	dpl,_SBUF0
                           000012  1298 	C$putget.h$37$1$4 ==.
                                   1299 ;	C:\Users\John\Documents\MPS\lab1\putget.h:37: putchar(c);    // echo to terminal
      000012 12r00r00         [24] 1300 	lcall	_putchar
                           000015  1301 	C$putget.h$38$1$4 ==.
                                   1302 ;	C:\Users\John\Documents\MPS\lab1\putget.h:38: return SBUF0;
      000015 85 99 82         [24] 1303 	mov	dpl,_SBUF0
                           000018  1304 	C$putget.h$39$1$4 ==.
                           000018  1305 	XG$getchar$0$0 ==.
      000018 22               [24] 1306 	ret
                                   1307 	.area CSEG    (CODE)
                                   1308 	.area CONST   (CODE)
                                   1309 	.area XINIT   (CODE)
                                   1310 	.area CABS    (ABS,CODE)
